15:42:43 **** Auto Build of configuration Debug for project ece544_proj2_app ****
make all 
'Building file: ../src/ece544_IP_Test.c'
'Invoking: MicroBlaze gcc compiler'
mb-gcc -Wall -O0 -g3 -c -fmessage-length=0 -MT"src/ece544_IP_Test.o" -I../../standalone_bsp_0/microblaze_0/include -mlittle-endian -mcpu=v9.6 -mxl-soft-mul -Wl,--no-relax -MMD -MP -MF"src/ece544_IP_Test.d" -MT"src/ece544_IP_Test.o" -o "src/ece544_IP_Test.o" "../src/ece544_IP_Test.c"
In file included from ../src/ece544_IP_Test.c:52:0:
../../standalone_bsp_0/microblaze_0/include/PmodOLEDrgb.h:58:0: warning: "bool" redefined
 #define bool u8
 ^
In file included from ../../standalone_bsp_0/microblaze_0/include/nexys4IO.h:29:0,
                 from ../src/ece544_IP_Test.c:47:
c:\xilinx\sdk\2016.2\gnu\microblaze\nt\lib\gcc\microblaze-xilinx-elf\5.2.0\include\stdbool.h:33:0: note: this is the location of the previous definition
 #define bool _Bool
 ^
../src/ece544_IP_Test.c: In function 'main':
../src/ece544_IP_Test.c:176:5: warning: unused variable 'motor_direction' [-Wunused-variable]
  u8 motor_direction = 0x00;
     ^
'Finished building: ../src/ece544_IP_Test.c'
' '
'Building file: ../src/platform.c'
'Invoking: MicroBlaze gcc compiler'
mb-gcc -Wall -O0 -g3 -c -fmessage-length=0 -MT"src/platform.o" -I../../standalone_bsp_0/microblaze_0/include -mlittle-endian -mcpu=v9.6 -mxl-soft-mul -Wl,--no-relax -MMD -MP -MF"src/platform.d" -MT"src/platform.o" -o "src/platform.o" "../src/platform.c"
'Finished building: ../src/platform.c'
' '
'Building target: ece544_proj2_app.elf'
'Invoking: MicroBlaze gcc linker'
mb-gcc -Wl,-T -Wl,../src/lscript.ld -L../../standalone_bsp_0/microblaze_0/lib -mlittle-endian -mcpu=v9.6 -mxl-soft-mul -Wl,--no-relax -o "ece544_proj2_app.elf"  ./src/ece544_IP_Test.o ./src/platform.o   -Wl,--start-group,-lxil,-lgcc,-lc,--end-group
'Finished building target: ece544_proj2_app.elf'
' '
'Invoking: MicroBlaze Print Size'
mb-size ece544_proj2_app.elf  |tee "ece544_proj2_app.elf.size"
   text	   data	    bss	    dec	    hex	filename
  37644	    416	   2724	  40784	   9f50	ece544_proj2_app.elf
'Finished building: ece544_proj2_app.elf.size'
' '

15:42:54 Build Finished (took 10s.384ms)

