13:09:35 **** Build of project standalone_bsp_0 ****
make -k all 
"Running Make include in microblaze_0/libsrc/bram_v4_1/src"
make -C microblaze_0/libsrc/bram_v4_1/src -s include  "SHELL=CMD" "COMPILER=mb-gcc" "ARCHIVER=mb-ar" "COMPILER_FLAGS= -O2 -c -mcpu=v9.6 -mlittle-endian -mxl-soft-mul" "EXTRA_COMPILER_FLAGS=-g"
"Running Make include in microblaze_0/libsrc/cpu_v2_5/src"
make -C microblaze_0/libsrc/cpu_v2_5/src -s include  "SHELL=CMD" "COMPILER=mb-gcc" "ARCHIVER=mb-ar" "COMPILER_FLAGS= -O2 -c -mcpu=v9.6 -mlittle-endian -mxl-soft-mul" "EXTRA_COMPILER_FLAGS=-g"
"Running Make include in microblaze_0/libsrc/gpio_v4_1/src"
make -C microblaze_0/libsrc/gpio_v4_1/src -s include  "SHELL=CMD" "COMPILER=mb-gcc" "ARCHIVER=mb-ar" "COMPILER_FLAGS= -O2 -c -mcpu=v9.6 -mlittle-endian -mxl-soft-mul" "EXTRA_COMPILER_FLAGS=-g"
"Running Make include in microblaze_0/libsrc/intc_v3_5/src"
make -C microblaze_0/libsrc/intc_v3_5/src -s include  "SHELL=CMD" "COMPILER=mb-gcc" "ARCHIVER=mb-ar" "COMPILER_FLAGS= -O2 -c -mcpu=v9.6 -mlittle-endian -mxl-soft-mul" "EXTRA_COMPILER_FLAGS=-g"
"Running Make include in microblaze_0/libsrc/nexys4IO_v1_0/src"
make -C microblaze_0/libsrc/nexys4IO_v1_0/src -s include  "SHELL=CMD" "COMPILER=mb-gcc" "ARCHIVER=mb-ar" "COMPILER_FLAGS= -O2 -c -mcpu=v9.6 -mlittle-endian -mxl-soft-mul" "EXTRA_COMPILER_FLAGS=-g"
"Running Make include in microblaze_0/libsrc/PmodENC_v1_0/src"
make -C microblaze_0/libsrc/PmodENC_v1_0/src -s include  "SHELL=CMD" "COMPILER=mb-gcc" "ARCHIVER=mb-ar" "COMPILER_FLAGS= -O2 -c -mcpu=v9.6 -mlittle-endian -mxl-soft-mul" "EXTRA_COMPILER_FLAGS=-g"
"Running Make include in microblaze_0/libsrc/PmodOLEDrgb_v1_0/src"
make -C microblaze_0/libsrc/PmodOLEDrgb_v1_0/src -s include  "SHELL=CMD" "COMPILER=mb-gcc" "ARCHIVER=mb-ar" "COMPILER_FLAGS= -O2 -c -mcpu=v9.6 -mlittle-endian -mxl-soft-mul" "EXTRA_COMPILER_FLAGS=-g"
"Running Make include in microblaze_0/libsrc/standalone_v5_5/src"
make -C microblaze_0/libsrc/standalone_v5_5/src -s include  "SHELL=CMD" "COMPILER=mb-gcc" "ARCHIVER=mb-ar" "COMPILER_FLAGS= -O2 -c -mcpu=v9.6 -mlittle-endian -mxl-soft-mul" "EXTRA_COMPILER_FLAGS=-g"
"Running Make include in microblaze_0/libsrc/tmrctr_v4_1/src"
make -C microblaze_0/libsrc/tmrctr_v4_1/src -s include  "SHELL=CMD" "COMPILER=mb-gcc" "ARCHIVER=mb-ar" "COMPILER_FLAGS= -O2 -c -mcpu=v9.6 -mlittle-endian -mxl-soft-mul" "EXTRA_COMPILER_FLAGS=-g"
"Running Make include in microblaze_0/libsrc/uartlite_v3_2/src"
make -C microblaze_0/libsrc/uartlite_v3_2/src -s include  "SHELL=CMD" "COMPILER=mb-gcc" "ARCHIVER=mb-ar" "COMPILER_FLAGS= -O2 -c -mcpu=v9.6 -mlittle-endian -mxl-soft-mul" "EXTRA_COMPILER_FLAGS=-g"
"Running Make libs in microblaze_0/libsrc/bram_v4_1/src"
make -C microblaze_0/libsrc/bram_v4_1/src -s libs  "SHELL=CMD" "COMPILER=mb-gcc" "ARCHIVER=mb-ar" "COMPILER_FLAGS= -O2 -c -mcpu=v9.6 -mlittle-endian -mxl-soft-mul" "EXTRA_COMPILER_FLAGS=-g"
"Compiling bram"
mb-ar: creating ../../../lib/libxil.a
"Running Make libs in microblaze_0/libsrc/cpu_v2_5/src"
make -C microblaze_0/libsrc/cpu_v2_5/src -s libs  "SHELL=CMD" "COMPILER=mb-gcc" "ARCHIVER=mb-ar" "COMPILER_FLAGS= -O2 -c -mcpu=v9.6 -mlittle-endian -mxl-soft-mul" "EXTRA_COMPILER_FLAGS=-g"
"Compiling cpu"
"Running Make libs in microblaze_0/libsrc/gpio_v4_1/src"
make -C microblaze_0/libsrc/gpio_v4_1/src -s libs  "SHELL=CMD" "COMPILER=mb-gcc" "ARCHIVER=mb-ar" "COMPILER_FLAGS= -O2 -c -mcpu=v9.6 -mlittle-endian -mxl-soft-mul" "EXTRA_COMPILER_FLAGS=-g"
"Compiling gpio"
"Running Make libs in microblaze_0/libsrc/intc_v3_5/src"
make -C microblaze_0/libsrc/intc_v3_5/src -s libs  "SHELL=CMD" "COMPILER=mb-gcc" "ARCHIVER=mb-ar" "COMPILER_FLAGS= -O2 -c -mcpu=v9.6 -mlittle-endian -mxl-soft-mul" "EXTRA_COMPILER_FLAGS=-g"
"Compiling intc"
"Running Make libs in microblaze_0/libsrc/nexys4IO_v1_0/src"
make -C microblaze_0/libsrc/nexys4IO_v1_0/src -s libs  "SHELL=CMD" "COMPILER=mb-gcc" "ARCHIVER=mb-ar" "COMPILER_FLAGS= -O2 -c -mcpu=v9.6 -mlittle-endian -mxl-soft-mul" "EXTRA_COMPILER_FLAGS=-g"
"Compiling nexys4IO..."
"Running Make libs in microblaze_0/libsrc/PmodENC_v1_0/src"
make -C microblaze_0/libsrc/PmodENC_v1_0/src -s libs  "SHELL=CMD" "COMPILER=mb-gcc" "ARCHIVER=mb-ar" "COMPILER_FLAGS= -O2 -c -mcpu=v9.6 -mlittle-endian -mxl-soft-mul" "EXTRA_COMPILER_FLAGS=-g"
"Compiling PmodENC..."
"Running Make libs in microblaze_0/libsrc/PmodOLEDrgb_v1_0/src"
make -C microblaze_0/libsrc/PmodOLEDrgb_v1_0/src -s libs  "SHELL=CMD" "COMPILER=mb-gcc" "ARCHIVER=mb-ar" "COMPILER_FLAGS= -O2 -c -mcpu=v9.6 -mlittle-endian -mxl-soft-mul" "EXTRA_COMPILER_FLAGS=-g"
"Compiling PmodOLEDrgb..."
"Running Make libs in microblaze_0/libsrc/standalone_v5_5/src"
make -C microblaze_0/libsrc/standalone_v5_5/src -s libs  "SHELL=CMD" "COMPILER=mb-gcc" "ARCHIVER=mb-ar" "COMPILER_FLAGS= -O2 -c -mcpu=v9.6 -mlittle-endian -mxl-soft-mul" "EXTRA_COMPILER_FLAGS=-g"
"Compiling standalone";
"Running Make libs in microblaze_0/libsrc/tmrctr_v4_1/src"
make -C microblaze_0/libsrc/tmrctr_v4_1/src -s libs  "SHELL=CMD" "COMPILER=mb-gcc" "ARCHIVER=mb-ar" "COMPILER_FLAGS= -O2 -c -mcpu=v9.6 -mlittle-endian -mxl-soft-mul" "EXTRA_COMPILER_FLAGS=-g"
"Compiling tmrctr"
"Running Make libs in microblaze_0/libsrc/uartlite_v3_2/src"
make -C microblaze_0/libsrc/uartlite_v3_2/src -s libs  "SHELL=CMD" "COMPILER=mb-gcc" "ARCHIVER=mb-ar" "COMPILER_FLAGS= -O2 -c -mcpu=v9.6 -mlittle-endian -mxl-soft-mul" "EXTRA_COMPILER_FLAGS=-g"
"Compiling uartlite"
'Finished building libraries'
13:11:50 **** Auto Build of project standalone_bsp_0 ****
make -k all 
"Running Make include in microblaze_0/libsrc/bram_v4_1/src"
make -C microblaze_0/libsrc/bram_v4_1/src -s include  "SHELL=CMD" "COMPILER=mb-gcc" "ARCHIVER=mb-ar" "COMPILER_FLAGS= -O2 -c -mcpu=v9.6 -mlittle-endian -mxl-soft-mul" "EXTRA_COMPILER_FLAGS=-g"
"Running Make include in microblaze_0/libsrc/cpu_v2_5/src"
make -C microblaze_0/libsrc/cpu_v2_5/src -s include  "SHELL=CMD" "COMPILER=mb-gcc" "ARCHIVER=mb-ar" "COMPILER_FLAGS= -O2 -c -mcpu=v9.6 -mlittle-endian -mxl-soft-mul" "EXTRA_COMPILER_FLAGS=-g"
"Running Make include in microblaze_0/libsrc/gpio_v4_1/src"
make -C microblaze_0/libsrc/gpio_v4_1/src -s include  "SHELL=CMD" "COMPILER=mb-gcc" "ARCHIVER=mb-ar" "COMPILER_FLAGS= -O2 -c -mcpu=v9.6 -mlittle-endian -mxl-soft-mul" "EXTRA_COMPILER_FLAGS=-g"
"Running Make include in microblaze_0/libsrc/intc_v3_5/src"
make -C microblaze_0/libsrc/intc_v3_5/src -s include  "SHELL=CMD" "COMPILER=mb-gcc" "ARCHIVER=mb-ar" "COMPILER_FLAGS= -O2 -c -mcpu=v9.6 -mlittle-endian -mxl-soft-mul" "EXTRA_COMPILER_FLAGS=-g"
"Running Make include in microblaze_0/libsrc/nexys4IO_v1_0/src"
make -C microblaze_0/libsrc/nexys4IO_v1_0/src -s include  "SHELL=CMD" "COMPILER=mb-gcc" "ARCHIVER=mb-ar" "COMPILER_FLAGS= -O2 -c -mcpu=v9.6 -mlittle-endian -mxl-soft-mul" "EXTRA_COMPILER_FLAGS=-g"
"Running Make include in microblaze_0/libsrc/PmodENC_v1_0/src"
make -C microblaze_0/libsrc/PmodENC_v1_0/src -s include  "SHELL=CMD" "COMPILER=mb-gcc" "ARCHIVER=mb-ar" "COMPILER_FLAGS= -O2 -c -mcpu=v9.6 -mlittle-endian -mxl-soft-mul" "EXTRA_COMPILER_FLAGS=-g"
"Running Make include in microblaze_0/libsrc/PmodOLEDrgb_v1_0/src"
make -C microblaze_0/libsrc/PmodOLEDrgb_v1_0/src -s include  "SHELL=CMD" "COMPILER=mb-gcc" "ARCHIVER=mb-ar" "COMPILER_FLAGS= -O2 -c -mcpu=v9.6 -mlittle-endian -mxl-soft-mul" "EXTRA_COMPILER_FLAGS=-g"
"Running Make include in microblaze_0/libsrc/standalone_v5_5/src"
make -C microblaze_0/libsrc/standalone_v5_5/src -s include  "SHELL=CMD" "COMPILER=mb-gcc" "ARCHIVER=mb-ar" "COMPILER_FLAGS= -O2 -c -mcpu=v9.6 -mlittle-endian -mxl-soft-mul" "EXTRA_COMPILER_FLAGS=-g"
"Running Make include in microblaze_0/libsrc/tmrctr_v4_1/src"
make -C microblaze_0/libsrc/tmrctr_v4_1/src -s include  "SHELL=CMD" "COMPILER=mb-gcc" "ARCHIVER=mb-ar" "COMPILER_FLAGS= -O2 -c -mcpu=v9.6 -mlittle-endian -mxl-soft-mul" "EXTRA_COMPILER_FLAGS=-g"
"Running Make include in microblaze_0/libsrc/uartlite_v3_2/src"
make -C microblaze_0/libsrc/uartlite_v3_2/src -s include  "SHELL=CMD" "COMPILER=mb-gcc" "ARCHIVER=mb-ar" "COMPILER_FLAGS= -O2 -c -mcpu=v9.6 -mlittle-endian -mxl-soft-mul" "EXTRA_COMPILER_FLAGS=-g"
"Running Make libs in microblaze_0/libsrc/bram_v4_1/src"
make -C microblaze_0/libsrc/bram_v4_1/src -s libs  "SHELL=CMD" "COMPILER=mb-gcc" "ARCHIVER=mb-ar" "COMPILER_FLAGS= -O2 -c -mcpu=v9.6 -mlittle-endian -mxl-soft-mul" "EXTRA_COMPILER_FLAGS=-g"
"Compiling bram"
"Running Make libs in microblaze_0/libsrc/cpu_v2_5/src"
make -C microblaze_0/libsrc/cpu_v2_5/src -s libs  "SHELL=CMD" "COMPILER=mb-gcc" "ARCHIVER=mb-ar" "COMPILER_FLAGS= -O2 -c -mcpu=v9.6 -mlittle-endian -mxl-soft-mul" "EXTRA_COMPILER_FLAGS=-g"
"Compiling cpu"
"Running Make libs in microblaze_0/libsrc/gpio_v4_1/src"
make -C microblaze_0/libsrc/gpio_v4_1/src -s libs  "SHELL=CMD" "COMPILER=mb-gcc" "ARCHIVER=mb-ar" "COMPILER_FLAGS= -O2 -c -mcpu=v9.6 -mlittle-endian -mxl-soft-mul" "EXTRA_COMPILER_FLAGS=-g"
"Compiling gpio"
"Running Make libs in microblaze_0/libsrc/intc_v3_5/src"
make -C microblaze_0/libsrc/intc_v3_5/src -s libs  "SHELL=CMD" "COMPILER=mb-gcc" "ARCHIVER=mb-ar" "COMPILER_FLAGS= -O2 -c -mcpu=v9.6 -mlittle-endian -mxl-soft-mul" "EXTRA_COMPILER_FLAGS=-g"
"Compiling intc"
"Running Make libs in microblaze_0/libsrc/nexys4IO_v1_0/src"
make -C microblaze_0/libsrc/nexys4IO_v1_0/src -s libs  "SHELL=CMD" "COMPILER=mb-gcc" "ARCHIVER=mb-ar" "COMPILER_FLAGS= -O2 -c -mcpu=v9.6 -mlittle-endian -mxl-soft-mul" "EXTRA_COMPILER_FLAGS=-g"
"Compiling nexys4IO..."
"Running Make libs in microblaze_0/libsrc/PmodENC_v1_0/src"
make -C microblaze_0/libsrc/PmodENC_v1_0/src -s libs  "SHELL=CMD" "COMPILER=mb-gcc" "ARCHIVER=mb-ar" "COMPILER_FLAGS= -O2 -c -mcpu=v9.6 -mlittle-endian -mxl-soft-mul" "EXTRA_COMPILER_FLAGS=-g"
"Compiling PmodENC..."
"Running Make libs in microblaze_0/libsrc/PmodOLEDrgb_v1_0/src"
make -C microblaze_0/libsrc/PmodOLEDrgb_v1_0/src -s libs  "SHELL=CMD" "COMPILER=mb-gcc" "ARCHIVER=mb-ar" "COMPILER_FLAGS= -O2 -c -mcpu=v9.6 -mlittle-endian -mxl-soft-mul" "EXTRA_COMPILER_FLAGS=-g"
"Compiling PmodOLEDrgb..."
"Running Make libs in microblaze_0/libsrc/standalone_v5_5/src"
make -C microblaze_0/libsrc/standalone_v5_5/src -s libs  "SHELL=CMD" "COMPILER=mb-gcc" "ARCHIVER=mb-ar" "COMPILER_FLAGS= -O2 -c -mcpu=v9.6 -mlittle-endian -mxl-soft-mul" "EXTRA_COMPILER_FLAGS=-g"
"Compiling standalone";
"Running Make libs in microblaze_0/libsrc/tmrctr_v4_1/src"
make -C microblaze_0/libsrc/tmrctr_v4_1/src -s libs  "SHELL=CMD" "COMPILER=mb-gcc" "ARCHIVER=mb-ar" "COMPILER_FLAGS= -O2 -c -mcpu=v9.6 -mlittle-endian -mxl-soft-mul" "EXTRA_COMPILER_FLAGS=-g"
"Compiling tmrctr"
"Running Make libs in microblaze_0/libsrc/uartlite_v3_2/src"
make -C microblaze_0/libsrc/uartlite_v3_2/src -s libs  "SHELL=CMD" "COMPILER=mb-gcc" "ARCHIVER=mb-ar" "COMPILER_FLAGS= -O2 -c -mcpu=v9.6 -mlittle-endian -mxl-soft-mul" "EXTRA_COMPILER_FLAGS=-g"
"Compiling uartlite"
'Finished building libraries'

**** Build of configuration Debug for project ece544_proj2_app ****

Nothing to build for project ece544_proj2_app

****  of configuration Debug for project ece544_proj2_app ****

Nothing to build for project ece544_proj2_app
13:15:45 **** Auto Build of configuration Debug for project ece544_proj2_app ****
make all 
'Building file: ../src/ece544_IP_Test.c'
'Invoking: MicroBlaze gcc compiler'
mb-gcc -Wall -O0 -g3 -c -fmessage-length=0 -MT"src/ece544_IP_Test.o" -I../../standalone_bsp_0/microblaze_0/include -mlittle-endian -mcpu=v9.6 -mxl-soft-mul -Wl,--no-relax -MMD -MP -MF"src/ece544_IP_Test.d" -MT"src/ece544_IP_Test.o" -o "src/ece544_IP_Test.o" "../src/ece544_IP_Test.c"
In file included from ../src/ece544_IP_Test.c:52:0:
../../standalone_bsp_0/microblaze_0/include/pmodOLEDrgb.h:58:0: warning: "bool" redefined
 #define bool u8
 ^
In file included from ../../standalone_bsp_0/microblaze_0/include/nexys4IO.h:29:0,
                 from ../src/ece544_IP_Test.c:51:
c:\xilinx\sdk\2016.2\gnu\microblaze\nt\lib\gcc\microblaze-xilinx-elf\5.2.0\include\stdbool.h:33:0: note: this is the location of the previous definition
 #define bool _Bool
 ^
'Finished building: ../src/ece544_IP_Test.c'
' '
'Building file: ../src/platform.c'
'Invoking: MicroBlaze gcc compiler'
mb-gcc -Wall -O0 -g3 -c -fmessage-length=0 -MT"src/platform.o" -I../../standalone_bsp_0/microblaze_0/include -mlittle-endian -mcpu=v9.6 -mxl-soft-mul -Wl,--no-relax -MMD -MP -MF"src/platform.d" -MT"src/platform.o" -o "src/platform.o" "../src/platform.c"
'Finished building: ../src/platform.c'
' '
'Building target: ece544_proj2_app.elf'
'Invoking: MicroBlaze gcc linker'
mb-gcc -Wl,-T -Wl,../src/lscript.ld -L../../standalone_bsp_0/microblaze_0/lib -mlittle-endian -mcpu=v9.6 -mxl-soft-mul -Wl,--no-relax -o "ece544_proj2_app.elf"  ./src/ece544_IP_Test.o ./src/platform.o   -Wl,--start-group,-lxil,-lgcc,-lc,--end-group
'Finished building target: ece544_proj2_app.elf'
' '
'Invoking: MicroBlaze Print Size'
mb-size ece544_proj2_app.elf  |tee "ece544_proj2_app.elf.size"
   text	   data	    bss	    dec	    hex	filename
  37488	    416	   2712	  40616	   9ea8	ece544_proj2_app.elf
'Finished building: ece544_proj2_app.elf.size'
' '
13:16:40 **** Auto Build of configuration Debug for project ece544_proj2_app ****
make all 
'Building file: ../src/ece544_IP_Test.c'
'Invoking: MicroBlaze gcc compiler'
mb-gcc -Wall -O0 -g3 -c -fmessage-length=0 -MT"src/ece544_IP_Test.o" -I../../standalone_bsp_0/microblaze_0/include -mlittle-endian -mcpu=v9.6 -mxl-soft-mul -Wl,--no-relax -MMD -MP -MF"src/ece544_IP_Test.d" -MT"src/ece544_IP_Test.o" -o "src/ece544_IP_Test.o" "../src/ece544_IP_Test.c"
In file included from ../src/ece544_IP_Test.c:52:0:
../../standalone_bsp_0/microblaze_0/include/PmodOLEDrgb.h:58:0: warning: "bool" redefined
 #define bool u8
 ^
In file included from ../../standalone_bsp_0/microblaze_0/include/nexys4IO.h:29:0,
                 from ../src/ece544_IP_Test.c:47:
c:\xilinx\sdk\2016.2\gnu\microblaze\nt\lib\gcc\microblaze-xilinx-elf\5.2.0\include\stdbool.h:33:0: note: this is the location of the previous definition
 #define bool _Bool
 ^
'Finished building: ../src/ece544_IP_Test.c'
' '
'Building target: ece544_proj2_app.elf'
'Invoking: MicroBlaze gcc linker'
mb-gcc -Wl,-T -Wl,../src/lscript.ld -L../../standalone_bsp_0/microblaze_0/lib -mlittle-endian -mcpu=v9.6 -mxl-soft-mul -Wl,--no-relax -o "ece544_proj2_app.elf"  ./src/ece544_IP_Test.o ./src/platform.o   -Wl,--start-group,-lxil,-lgcc,-lc,--end-group
'Finished building target: ece544_proj2_app.elf'
' '
'Invoking: MicroBlaze Print Size'
mb-size ece544_proj2_app.elf  |tee "ece544_proj2_app.elf.size"
   text	   data	    bss	    dec	    hex	filename
  37648	    416	   2720	  40784	   9f50	ece544_proj2_app.elf
'Finished building: ece544_proj2_app.elf.size'
' '
08:26:51 **** Clean-only build of configuration Debug for project ece544_proj2_app ****
make clean 
rm -rf  ./src/ece544_IP_Test.o ./src/platform.o  ./src/ece544_IP_Test.d ./src/platform.d  ece544_proj2_app.elf.size  ece544_proj2_app.elf
' '
08:26:52 **** Incremental Build of configuration Debug for project ece544_proj2_app ****
make all 
'Building file: ../src/ece544_IP_Test.c'
'Invoking: MicroBlaze gcc compiler'
mb-gcc -Wall -O0 -g3 -c -fmessage-length=0 -MT"src/ece544_IP_Test.o" -I../../standalone_bsp_0/microblaze_0/include -mlittle-endian -mcpu=v9.6 -mxl-soft-mul -Wl,--no-relax -MMD -MP -MF"src/ece544_IP_Test.d" -MT"src/ece544_IP_Test.o" -o "src/ece544_IP_Test.o" "../src/ece544_IP_Test.c"
In file included from ../src/ece544_IP_Test.c:52:0:
../../standalone_bsp_0/microblaze_0/include/PmodOLEDrgb.h:58:0: warning: "bool" redefined
 #define bool u8
 ^
In file included from ../../standalone_bsp_0/microblaze_0/include/nexys4IO.h:29:0,
                 from ../src/ece544_IP_Test.c:47:
c:\xilinx\sdk\2016.2\gnu\microblaze\nt\lib\gcc\microblaze-xilinx-elf\5.2.0\include\stdbool.h:33:0: note: this is the location of the previous definition
 #define bool _Bool
 ^
'Finished building: ../src/ece544_IP_Test.c'
' '
'Building file: ../src/platform.c'
'Invoking: MicroBlaze gcc compiler'
mb-gcc -Wall -O0 -g3 -c -fmessage-length=0 -MT"src/platform.o" -I../../standalone_bsp_0/microblaze_0/include -mlittle-endian -mcpu=v9.6 -mxl-soft-mul -Wl,--no-relax -MMD -MP -MF"src/platform.d" -MT"src/platform.o" -o "src/platform.o" "../src/platform.c"
'Finished building: ../src/platform.c'
' '
'Building target: ece544_proj2_app.elf'
'Invoking: MicroBlaze gcc linker'
mb-gcc -Wl,-T -Wl,../src/lscript.ld -L../../standalone_bsp_0/microblaze_0/lib -mlittle-endian -mcpu=v9.6 -mxl-soft-mul -Wl,--no-relax -o "ece544_proj2_app.elf"  ./src/ece544_IP_Test.o ./src/platform.o   -Wl,--start-group,-lxil,-lgcc,-lc,--end-group
'Finished building target: ece544_proj2_app.elf'
' '
'Invoking: MicroBlaze Print Size'
mb-size ece544_proj2_app.elf  |tee "ece544_proj2_app.elf.size"
   text	   data	    bss	    dec	    hex	filename
  37648	    416	   2720	  40784	   9f50	ece544_proj2_app.elf
'Finished building: ece544_proj2_app.elf.size'
' '
08:28:37 **** Incremental Build of configuration Debug for project ece544_proj2_app ****
make all 
make: Nothing to be done for `all'.
09:01:52 **** Incremental Build of configuration Debug for project ece544_proj2_app ****
make all 
'Building file: ../src/ece544_IP_Test.c'
'Invoking: MicroBlaze gcc compiler'
mb-gcc -Wall -O0 -g3 -c -fmessage-length=0 -MT"src/ece544_IP_Test.o" -I../../standalone_bsp_0/microblaze_0/include -mlittle-endian -mcpu=v9.6 -mxl-soft-mul -Wl,--no-relax -MMD -MP -MF"src/ece544_IP_Test.d" -MT"src/ece544_IP_Test.o" -o "src/ece544_IP_Test.o" "../src/ece544_IP_Test.c"
../src/ece544_IP_Test.c:46:21: fatal error: xstatus.h: No such file or directory
compilation terminated.
make: *** [src/ece544_IP_Test.o] Error 1
09:22:47 **** Auto Build of configuration Debug for project ece544_proj2_app ****
make all 
'Building file: ../src/ece544_IP_Test.c'
'Invoking: MicroBlaze gcc compiler'
mb-gcc -Wall -O0 -g3 -c -fmessage-length=0 -MT"src/ece544_IP_Test.o" -I../../standalone_bsp_0/microblaze_0/include -mlittle-endian -mcpu=v9.6 -mxl-soft-mul -Wl,--no-relax -MMD -MP -MF"src/ece544_IP_Test.d" -MT"src/ece544_IP_Test.o" -o "src/ece544_IP_Test.o" "../src/ece544_IP_Test.c"
../src/ece544_IP_Test.c:46:21: fatal error: xstatus.h: No such file or directory
compilation terminated.
make: *** [src/ece544_IP_Test.o] Error 1
09:24:35 **** Incremental Build of configuration Debug for project ece544_proj2_app ****
make all 
'Building file: ../src/ece544_IP_Test.c'
'Invoking: MicroBlaze gcc compiler'
mb-gcc -Wall -O0 -g3 -c -fmessage-length=0 -MT"src/ece544_IP_Test.o" -I../../standalone_bsp_0/microblaze_0/include -mlittle-endian -mcpu=v9.6 -mxl-soft-mul -Wl,--no-relax -MMD -MP -MF"src/ece544_IP_Test.d" -MT"src/ece544_IP_Test.o" -o "src/ece544_IP_Test.o" "../src/ece544_IP_Test.c"
../src/ece544_IP_Test.c:46:21: fatal error: xstatus.h: No such file or directory
compilation terminated.
make: *** [src/ece544_IP_Test.o] Error 1
09:28:33 **** Auto Build of project standalone_bsp_0 ****
make -k all 
"Running Make include in microblaze_0/libsrc/bram_v4_1/src"
make -C microblaze_0/libsrc/bram_v4_1/src -s include  "SHELL=CMD" "COMPILER=mb-gcc" "ARCHIVER=mb-ar" "COMPILER_FLAGS= -O2 -c -mcpu=v9.6 -mlittle-endian -mxl-soft-mul" "EXTRA_COMPILER_FLAGS=-g"
"Running Make include in microblaze_0/libsrc/cpu_v2_5/src"
make -C microblaze_0/libsrc/cpu_v2_5/src -s include  "SHELL=CMD" "COMPILER=mb-gcc" "ARCHIVER=mb-ar" "COMPILER_FLAGS= -O2 -c -mcpu=v9.6 -mlittle-endian -mxl-soft-mul" "EXTRA_COMPILER_FLAGS=-g"
"Running Make include in microblaze_0/libsrc/gpio_v4_1/src"
make -C microblaze_0/libsrc/gpio_v4_1/src -s include  "SHELL=CMD" "COMPILER=mb-gcc" "ARCHIVER=mb-ar" "COMPILER_FLAGS= -O2 -c -mcpu=v9.6 -mlittle-endian -mxl-soft-mul" "EXTRA_COMPILER_FLAGS=-g"
"Running Make include in microblaze_0/libsrc/intc_v3_5/src"
make -C microblaze_0/libsrc/intc_v3_5/src -s include  "SHELL=CMD" "COMPILER=mb-gcc" "ARCHIVER=mb-ar" "COMPILER_FLAGS= -O2 -c -mcpu=v9.6 -mlittle-endian -mxl-soft-mul" "EXTRA_COMPILER_FLAGS=-g"
"Running Make include in microblaze_0/libsrc/nexys4IO_v1_0/src"
make -C microblaze_0/libsrc/nexys4IO_v1_0/src -s include  "SHELL=CMD" "COMPILER=mb-gcc" "ARCHIVER=mb-ar" "COMPILER_FLAGS= -O2 -c -mcpu=v9.6 -mlittle-endian -mxl-soft-mul" "EXTRA_COMPILER_FLAGS=-g"
"Running Make include in microblaze_0/libsrc/PmodENC_v1_0/src"
make -C microblaze_0/libsrc/PmodENC_v1_0/src -s include  "SHELL=CMD" "COMPILER=mb-gcc" "ARCHIVER=mb-ar" "COMPILER_FLAGS= -O2 -c -mcpu=v9.6 -mlittle-endian -mxl-soft-mul" "EXTRA_COMPILER_FLAGS=-g"
"Running Make include in microblaze_0/libsrc/PmodOLEDrgb_v1_0/src"
make -C microblaze_0/libsrc/PmodOLEDrgb_v1_0/src -s include  "SHELL=CMD" "COMPILER=mb-gcc" "ARCHIVER=mb-ar" "COMPILER_FLAGS= -O2 -c -mcpu=v9.6 -mlittle-endian -mxl-soft-mul" "EXTRA_COMPILER_FLAGS=-g"
"Running Make include in microblaze_0/libsrc/standalone_v5_5/src"
make -C microblaze_0/libsrc/standalone_v5_5/src -s include  "SHELL=CMD" "COMPILER=mb-gcc" "ARCHIVER=mb-ar" "COMPILER_FLAGS= -O2 -c -mcpu=v9.6 -mlittle-endian -mxl-soft-mul" "EXTRA_COMPILER_FLAGS=-g"
"Running Make include in microblaze_0/libsrc/tmrctr_v4_1/src"
make -C microblaze_0/libsrc/tmrctr_v4_1/src -s include  "SHELL=CMD" "COMPILER=mb-gcc" "ARCHIVER=mb-ar" "COMPILER_FLAGS= -O2 -c -mcpu=v9.6 -mlittle-endian -mxl-soft-mul" "EXTRA_COMPILER_FLAGS=-g"
"Running Make include in microblaze_0/libsrc/uartlite_v3_2/src"
make -C microblaze_0/libsrc/uartlite_v3_2/src -s include  "SHELL=CMD" "COMPILER=mb-gcc" "ARCHIVER=mb-ar" "COMPILER_FLAGS= -O2 -c -mcpu=v9.6 -mlittle-endian -mxl-soft-mul" "EXTRA_COMPILER_FLAGS=-g"
"Running Make libs in microblaze_0/libsrc/bram_v4_1/src"
make -C microblaze_0/libsrc/bram_v4_1/src -s libs  "SHELL=CMD" "COMPILER=mb-gcc" "ARCHIVER=mb-ar" "COMPILER_FLAGS= -O2 -c -mcpu=v9.6 -mlittle-endian -mxl-soft-mul" "EXTRA_COMPILER_FLAGS=-g"
"Compiling bram"
mb-ar: creating ../../../lib/libxil.a
"Running Make libs in microblaze_0/libsrc/cpu_v2_5/src"
make -C microblaze_0/libsrc/cpu_v2_5/src -s libs  "SHELL=CMD" "COMPILER=mb-gcc" "ARCHIVER=mb-ar" "COMPILER_FLAGS= -O2 -c -mcpu=v9.6 -mlittle-endian -mxl-soft-mul" "EXTRA_COMPILER_FLAGS=-g"
"Compiling cpu"
"Running Make libs in microblaze_0/libsrc/gpio_v4_1/src"
make -C microblaze_0/libsrc/gpio_v4_1/src -s libs  "SHELL=CMD" "COMPILER=mb-gcc" "ARCHIVER=mb-ar" "COMPILER_FLAGS= -O2 -c -mcpu=v9.6 -mlittle-endian -mxl-soft-mul" "EXTRA_COMPILER_FLAGS=-g"
"Compiling gpio"
"Running Make libs in microblaze_0/libsrc/intc_v3_5/src"
make -C microblaze_0/libsrc/intc_v3_5/src -s libs  "SHELL=CMD" "COMPILER=mb-gcc" "ARCHIVER=mb-ar" "COMPILER_FLAGS= -O2 -c -mcpu=v9.6 -mlittle-endian -mxl-soft-mul" "EXTRA_COMPILER_FLAGS=-g"
"Compiling intc"
"Running Make libs in microblaze_0/libsrc/nexys4IO_v1_0/src"
make -C microblaze_0/libsrc/nexys4IO_v1_0/src -s libs  "SHELL=CMD" "COMPILER=mb-gcc" "ARCHIVER=mb-ar" "COMPILER_FLAGS= -O2 -c -mcpu=v9.6 -mlittle-endian -mxl-soft-mul" "EXTRA_COMPILER_FLAGS=-g"
"Compiling nexys4IO..."
"Running Make libs in microblaze_0/libsrc/PmodENC_v1_0/src"
make -C microblaze_0/libsrc/PmodENC_v1_0/src -s libs  "SHELL=CMD" "COMPILER=mb-gcc" "ARCHIVER=mb-ar" "COMPILER_FLAGS= -O2 -c -mcpu=v9.6 -mlittle-endian -mxl-soft-mul" "EXTRA_COMPILER_FLAGS=-g"
"Compiling PmodENC..."
"Running Make libs in microblaze_0/libsrc/PmodOLEDrgb_v1_0/src"
make -C microblaze_0/libsrc/PmodOLEDrgb_v1_0/src -s libs  "SHELL=CMD" "COMPILER=mb-gcc" "ARCHIVER=mb-ar" "COMPILER_FLAGS= -O2 -c -mcpu=v9.6 -mlittle-endian -mxl-soft-mul" "EXTRA_COMPILER_FLAGS=-g"
"Compiling PmodOLEDrgb..."
"Running Make libs in microblaze_0/libsrc/standalone_v5_5/src"
make -C microblaze_0/libsrc/standalone_v5_5/src -s libs  "SHELL=CMD" "COMPILER=mb-gcc" "ARCHIVER=mb-ar" "COMPILER_FLAGS= -O2 -c -mcpu=v9.6 -mlittle-endian -mxl-soft-mul" "EXTRA_COMPILER_FLAGS=-g"
"Compiling standalone";
"Running Make libs in microblaze_0/libsrc/tmrctr_v4_1/src"
make -C microblaze_0/libsrc/tmrctr_v4_1/src -s libs  "SHELL=CMD" "COMPILER=mb-gcc" "ARCHIVER=mb-ar" "COMPILER_FLAGS= -O2 -c -mcpu=v9.6 -mlittle-endian -mxl-soft-mul" "EXTRA_COMPILER_FLAGS=-g"
"Compiling tmrctr"
"Running Make libs in microblaze_0/libsrc/uartlite_v3_2/src"
make -C microblaze_0/libsrc/uartlite_v3_2/src -s libs  "SHELL=CMD" "COMPILER=mb-gcc" "ARCHIVER=mb-ar" "COMPILER_FLAGS= -O2 -c -mcpu=v9.6 -mlittle-endian -mxl-soft-mul" "EXTRA_COMPILER_FLAGS=-g"
"Compiling uartlite"
'Finished building libraries'
09:29:47 **** Auto Build of configuration Debug for project ece544_proj2_app ****
make all 
'Building file: ../src/ece544_IP_Test.c'
'Invoking: MicroBlaze gcc compiler'
mb-gcc -Wall -O0 -g3 -c -fmessage-length=0 -MT"src/ece544_IP_Test.o" -I../../standalone_bsp_0/microblaze_0/include -mlittle-endian -mcpu=v9.6 -mxl-soft-mul -Wl,--no-relax -MMD -MP -MF"src/ece544_IP_Test.d" -MT"src/ece544_IP_Test.o" -o "src/ece544_IP_Test.o" "../src/ece544_IP_Test.c"
In file included from ../src/ece544_IP_Test.c:52:0:
../../standalone_bsp_0/microblaze_0/include/PmodOLEDrgb.h:58:0: warning: "bool" redefined
 #define bool u8
 ^
In file included from ../../standalone_bsp_0/microblaze_0/include/nexys4IO.h:29:0,
                 from ../src/ece544_IP_Test.c:47:
c:\xilinx\sdk\2016.2\gnu\microblaze\nt\lib\gcc\microblaze-xilinx-elf\5.2.0\include\stdbool.h:33:0: note: this is the location of the previous definition
 #define bool _Bool
 ^
'Finished building: ../src/ece544_IP_Test.c'
' '
'Building file: ../src/platform.c'
'Invoking: MicroBlaze gcc compiler'
mb-gcc -Wall -O0 -g3 -c -fmessage-length=0 -MT"src/platform.o" -I../../standalone_bsp_0/microblaze_0/include -mlittle-endian -mcpu=v9.6 -mxl-soft-mul -Wl,--no-relax -MMD -MP -MF"src/platform.d" -MT"src/platform.o" -o "src/platform.o" "../src/platform.c"
'Finished building: ../src/platform.c'
' '
'Building target: ece544_proj2_app.elf'
'Invoking: MicroBlaze gcc linker'
mb-gcc -Wl,-T -Wl,../src/lscript.ld -L../../standalone_bsp_0/microblaze_0/lib -mlittle-endian -mcpu=v9.6 -mxl-soft-mul -Wl,--no-relax -o "ece544_proj2_app.elf"  ./src/ece544_IP_Test.o ./src/platform.o   -Wl,--start-group,-lxil,-lgcc,-lc,--end-group
'Finished building target: ece544_proj2_app.elf'
' '
'Invoking: MicroBlaze Print Size'
mb-size ece544_proj2_app.elf  |tee "ece544_proj2_app.elf.size"
   text	   data	    bss	    dec	    hex	filename
  37564	    416	   2724	  40704	   9f00	ece544_proj2_app.elf
'Finished building: ece544_proj2_app.elf.size'
' '
09:34:04 **** Incremental Build of configuration Debug for project ece544_proj2_app ****
make all 
make: Nothing to be done for `all'.
09:34:44 **** Incremental Build of configuration Debug for project ece544_proj2_app ****
make all 
make: Nothing to be done for `all'.
09:36:01 **** Auto Build of configuration Debug for project ece544_proj2_app ****
make all 
'Building file: ../src/ece544_IP_Test.c'
'Invoking: MicroBlaze gcc compiler'
mb-gcc -Wall -O0 -g3 -c -fmessage-length=0 -MT"src/ece544_IP_Test.o" -I../../standalone_bsp_0/microblaze_0/include -mlittle-endian -mcpu=v9.6 -mxl-soft-mul -Wl,--no-relax -MMD -MP -MF"src/ece544_IP_Test.d" -MT"src/ece544_IP_Test.o" -o "src/ece544_IP_Test.o" "../src/ece544_IP_Test.c"
In file included from ../src/ece544_IP_Test.c:52:0:
../../standalone_bsp_0/microblaze_0/include/PmodOLEDrgb.h:58:0: warning: "bool" redefined
 #define bool u8
 ^
In file included from ../../standalone_bsp_0/microblaze_0/include/nexys4IO.h:29:0,
                 from ../src/ece544_IP_Test.c:47:
c:\xilinx\sdk\2016.2\gnu\microblaze\nt\lib\gcc\microblaze-xilinx-elf\5.2.0\include\stdbool.h:33:0: note: this is the location of the previous definition
 #define bool _Bool
 ^
'Finished building: ../src/ece544_IP_Test.c'
' '
'Building target: ece544_proj2_app.elf'
'Invoking: MicroBlaze gcc linker'
mb-gcc -Wl,-T -Wl,../src/lscript.ld -L../../standalone_bsp_0/microblaze_0/lib -mlittle-endian -mcpu=v9.6 -mxl-soft-mul -Wl,--no-relax -o "ece544_proj2_app.elf"  ./src/ece544_IP_Test.o ./src/platform.o   -Wl,--start-group,-lxil,-lgcc,-lc,--end-group
'Finished building target: ece544_proj2_app.elf'
' '
'Invoking: MicroBlaze Print Size'
mb-size ece544_proj2_app.elf  |tee "ece544_proj2_app.elf.size"
   text	   data	    bss	    dec	    hex	filename
  37572	    416	   2724	  40712	   9f08	ece544_proj2_app.elf
'Finished building: ece544_proj2_app.elf.size'
' '
09:36:44 **** Incremental Build of configuration Debug for project ece544_proj2_app ****
make all 
make: Nothing to be done for `all'.
09:38:27 **** Auto Build of configuration Debug for project ece544_proj2_app ****
make all 
'Building file: ../src/ece544_IP_Test.c'
'Invoking: MicroBlaze gcc compiler'
mb-gcc -Wall -O0 -g3 -c -fmessage-length=0 -MT"src/ece544_IP_Test.o" -I../../standalone_bsp_0/microblaze_0/include -mlittle-endian -mcpu=v9.6 -mxl-soft-mul -Wl,--no-relax -MMD -MP -MF"src/ece544_IP_Test.d" -MT"src/ece544_IP_Test.o" -o "src/ece544_IP_Test.o" "../src/ece544_IP_Test.c"
In file included from ../src/ece544_IP_Test.c:52:0:
../../standalone_bsp_0/microblaze_0/include/PmodOLEDrgb.h:58:0: warning: "bool" redefined
 #define bool u8
 ^
In file included from ../../standalone_bsp_0/microblaze_0/include/nexys4IO.h:29:0,
                 from ../src/ece544_IP_Test.c:47:
c:\xilinx\sdk\2016.2\gnu\microblaze\nt\lib\gcc\microblaze-xilinx-elf\5.2.0\include\stdbool.h:33:0: note: this is the location of the previous definition
 #define bool _Bool
 ^
'Finished building: ../src/ece544_IP_Test.c'
' '
'Building target: ece544_proj2_app.elf'
'Invoking: MicroBlaze gcc linker'
mb-gcc -Wl,-T -Wl,../src/lscript.ld -L../../standalone_bsp_0/microblaze_0/lib -mlittle-endian -mcpu=v9.6 -mxl-soft-mul -Wl,--no-relax -o "ece544_proj2_app.elf"  ./src/ece544_IP_Test.o ./src/platform.o   -Wl,--start-group,-lxil,-lgcc,-lc,--end-group
'Finished building target: ece544_proj2_app.elf'
' '
'Invoking: MicroBlaze Print Size'
mb-size ece544_proj2_app.elf  |tee "ece544_proj2_app.elf.size"
   text	   data	    bss	    dec	    hex	filename
  37576	    416	   2720	  40712	   9f08	ece544_proj2_app.elf
'Finished building: ece544_proj2_app.elf.size'
' '
09:39:08 **** Auto Build of project standalone_bsp_0 ****
make -k all 
"Running Make include in microblaze_0/libsrc/bram_v4_1/src"
make -C microblaze_0/libsrc/bram_v4_1/src -s include  "SHELL=CMD" "COMPILER=mb-gcc" "ARCHIVER=mb-ar" "COMPILER_FLAGS= -O2 -c -mcpu=v9.6 -mlittle-endian -mxl-soft-mul" "EXTRA_COMPILER_FLAGS=-g"
"Running Make include in microblaze_0/libsrc/cpu_v2_5/src"
make -C microblaze_0/libsrc/cpu_v2_5/src -s include  "SHELL=CMD" "COMPILER=mb-gcc" "ARCHIVER=mb-ar" "COMPILER_FLAGS= -O2 -c -mcpu=v9.6 -mlittle-endian -mxl-soft-mul" "EXTRA_COMPILER_FLAGS=-g"
"Running Make include in microblaze_0/libsrc/gpio_v4_1/src"
make -C microblaze_0/libsrc/gpio_v4_1/src -s include  "SHELL=CMD" "COMPILER=mb-gcc" "ARCHIVER=mb-ar" "COMPILER_FLAGS= -O2 -c -mcpu=v9.6 -mlittle-endian -mxl-soft-mul" "EXTRA_COMPILER_FLAGS=-g"
"Running Make include in microblaze_0/libsrc/intc_v3_5/src"
make -C microblaze_0/libsrc/intc_v3_5/src -s include  "SHELL=CMD" "COMPILER=mb-gcc" "ARCHIVER=mb-ar" "COMPILER_FLAGS= -O2 -c -mcpu=v9.6 -mlittle-endian -mxl-soft-mul" "EXTRA_COMPILER_FLAGS=-g"
"Running Make include in microblaze_0/libsrc/nexys4IO_v1_0/src"
make -C microblaze_0/libsrc/nexys4IO_v1_0/src -s include  "SHELL=CMD" "COMPILER=mb-gcc" "ARCHIVER=mb-ar" "COMPILER_FLAGS= -O2 -c -mcpu=v9.6 -mlittle-endian -mxl-soft-mul" "EXTRA_COMPILER_FLAGS=-g"
"Running Make include in microblaze_0/libsrc/PmodENC_v1_0/src"
make -C microblaze_0/libsrc/PmodENC_v1_0/src -s include  "SHELL=CMD" "COMPILER=mb-gcc" "ARCHIVER=mb-ar" "COMPILER_FLAGS= -O2 -c -mcpu=v9.6 -mlittle-endian -mxl-soft-mul" "EXTRA_COMPILER_FLAGS=-g"
"Running Make include in microblaze_0/libsrc/PmodOLEDrgb_v1_0/src"
make -C microblaze_0/libsrc/PmodOLEDrgb_v1_0/src -s include  "SHELL=CMD" "COMPILER=mb-gcc" "ARCHIVER=mb-ar" "COMPILER_FLAGS= -O2 -c -mcpu=v9.6 -mlittle-endian -mxl-soft-mul" "EXTRA_COMPILER_FLAGS=-g"
"Running Make include in microblaze_0/libsrc/standalone_v5_5/src"
make -C microblaze_0/libsrc/standalone_v5_5/src -s include  "SHELL=CMD" "COMPILER=mb-gcc" "ARCHIVER=mb-ar" "COMPILER_FLAGS= -O2 -c -mcpu=v9.6 -mlittle-endian -mxl-soft-mul" "EXTRA_COMPILER_FLAGS=-g"
"Running Make include in microblaze_0/libsrc/tmrctr_v4_1/src"
make -C microblaze_0/libsrc/tmrctr_v4_1/src -s include  "SHELL=CMD" "COMPILER=mb-gcc" "ARCHIVER=mb-ar" "COMPILER_FLAGS= -O2 -c -mcpu=v9.6 -mlittle-endian -mxl-soft-mul" "EXTRA_COMPILER_FLAGS=-g"
"Running Make include in microblaze_0/libsrc/uartlite_v3_2/src"
make -C microblaze_0/libsrc/uartlite_v3_2/src -s include  "SHELL=CMD" "COMPILER=mb-gcc" "ARCHIVER=mb-ar" "COMPILER_FLAGS= -O2 -c -mcpu=v9.6 -mlittle-endian -mxl-soft-mul" "EXTRA_COMPILER_FLAGS=-g"
"Running Make libs in microblaze_0/libsrc/bram_v4_1/src"
make -C microblaze_0/libsrc/bram_v4_1/src -s libs  "SHELL=CMD" "COMPILER=mb-gcc" "ARCHIVER=mb-ar" "COMPILER_FLAGS= -O2 -c -mcpu=v9.6 -mlittle-endian -mxl-soft-mul" "EXTRA_COMPILER_FLAGS=-g"
"Compiling bram"
"Running Make libs in microblaze_0/libsrc/cpu_v2_5/src"
make -C microblaze_0/libsrc/cpu_v2_5/src -s libs  "SHELL=CMD" "COMPILER=mb-gcc" "ARCHIVER=mb-ar" "COMPILER_FLAGS= -O2 -c -mcpu=v9.6 -mlittle-endian -mxl-soft-mul" "EXTRA_COMPILER_FLAGS=-g"
"Compiling cpu"
"Running Make libs in microblaze_0/libsrc/gpio_v4_1/src"
make -C microblaze_0/libsrc/gpio_v4_1/src -s libs  "SHELL=CMD" "COMPILER=mb-gcc" "ARCHIVER=mb-ar" "COMPILER_FLAGS= -O2 -c -mcpu=v9.6 -mlittle-endian -mxl-soft-mul" "EXTRA_COMPILER_FLAGS=-g"
"Compiling gpio"
"Running Make libs in microblaze_0/libsrc/intc_v3_5/src"
make -C microblaze_0/libsrc/intc_v3_5/src -s libs  "SHELL=CMD" "COMPILER=mb-gcc" "ARCHIVER=mb-ar" "COMPILER_FLAGS= -O2 -c -mcpu=v9.6 -mlittle-endian -mxl-soft-mul" "EXTRA_COMPILER_FLAGS=-g"
"Compiling intc"
"Running Make libs in microblaze_0/libsrc/nexys4IO_v1_0/src"
make -C microblaze_0/libsrc/nexys4IO_v1_0/src -s libs  "SHELL=CMD" "COMPILER=mb-gcc" "ARCHIVER=mb-ar" "COMPILER_FLAGS= -O2 -c -mcpu=v9.6 -mlittle-endian -mxl-soft-mul" "EXTRA_COMPILER_FLAGS=-g"
"Compiling nexys4IO..."
"Running Make libs in microblaze_0/libsrc/PmodENC_v1_0/src"
make -C microblaze_0/libsrc/PmodENC_v1_0/src -s libs  "SHELL=CMD" "COMPILER=mb-gcc" "ARCHIVER=mb-ar" "COMPILER_FLAGS= -O2 -c -mcpu=v9.6 -mlittle-endian -mxl-soft-mul" "EXTRA_COMPILER_FLAGS=-g"
"Compiling PmodENC..."
"Running Make libs in microblaze_0/libsrc/PmodOLEDrgb_v1_0/src"
make -C microblaze_0/libsrc/PmodOLEDrgb_v1_0/src -s libs  "SHELL=CMD" "COMPILER=mb-gcc" "ARCHIVER=mb-ar" "COMPILER_FLAGS= -O2 -c -mcpu=v9.6 -mlittle-endian -mxl-soft-mul" "EXTRA_COMPILER_FLAGS=-g"
"Compiling PmodOLEDrgb..."
"Running Make libs in microblaze_0/libsrc/standalone_v5_5/src"
make -C microblaze_0/libsrc/standalone_v5_5/src -s libs  "SHELL=CMD" "COMPILER=mb-gcc" "ARCHIVER=mb-ar" "COMPILER_FLAGS= -O2 -c -mcpu=v9.6 -mlittle-endian -mxl-soft-mul" "EXTRA_COMPILER_FLAGS=-g"
"Compiling standalone";
"Running Make libs in microblaze_0/libsrc/tmrctr_v4_1/src"
make -C microblaze_0/libsrc/tmrctr_v4_1/src -s libs  "SHELL=CMD" "COMPILER=mb-gcc" "ARCHIVER=mb-ar" "COMPILER_FLAGS= -O2 -c -mcpu=v9.6 -mlittle-endian -mxl-soft-mul" "EXTRA_COMPILER_FLAGS=-g"
"Compiling tmrctr"
"Running Make libs in microblaze_0/libsrc/uartlite_v3_2/src"
make -C microblaze_0/libsrc/uartlite_v3_2/src -s libs  "SHELL=CMD" "COMPILER=mb-gcc" "ARCHIVER=mb-ar" "COMPILER_FLAGS= -O2 -c -mcpu=v9.6 -mlittle-endian -mxl-soft-mul" "EXTRA_COMPILER_FLAGS=-g"
"Compiling uartlite"
'Finished building libraries'
09:40:20 **** Auto Build of configuration Debug for project ece544_proj2_app ****
make all 
'Building file: ../src/ece544_IP_Test.c'
'Invoking: MicroBlaze gcc compiler'
mb-gcc -Wall -O0 -g3 -c -fmessage-length=0 -MT"src/ece544_IP_Test.o" -I../../standalone_bsp_0/microblaze_0/include -mlittle-endian -mcpu=v9.6 -mxl-soft-mul -Wl,--no-relax -MMD -MP -MF"src/ece544_IP_Test.d" -MT"src/ece544_IP_Test.o" -o "src/ece544_IP_Test.o" "../src/ece544_IP_Test.c"
In file included from ../src/ece544_IP_Test.c:52:0:
../../standalone_bsp_0/microblaze_0/include/PmodOLEDrgb.h:58:0: warning: "bool" redefined
 #define bool u8
 ^
In file included from ../../standalone_bsp_0/microblaze_0/include/nexys4IO.h:29:0,
                 from ../src/ece544_IP_Test.c:47:
c:\xilinx\sdk\2016.2\gnu\microblaze\nt\lib\gcc\microblaze-xilinx-elf\5.2.0\include\stdbool.h:33:0: note: this is the location of the previous definition
 #define bool _Bool
 ^
'Finished building: ../src/ece544_IP_Test.c'
' '
'Building file: ../src/platform.c'
'Invoking: MicroBlaze gcc compiler'
mb-gcc -Wall -O0 -g3 -c -fmessage-length=0 -MT"src/platform.o" -I../../standalone_bsp_0/microblaze_0/include -mlittle-endian -mcpu=v9.6 -mxl-soft-mul -Wl,--no-relax -MMD -MP -MF"src/platform.d" -MT"src/platform.o" -o "src/platform.o" "../src/platform.c"
'Finished building: ../src/platform.c'
' '
'Building target: ece544_proj2_app.elf'
'Invoking: MicroBlaze gcc linker'
mb-gcc -Wl,-T -Wl,../src/lscript.ld -L../../standalone_bsp_0/microblaze_0/lib -mlittle-endian -mcpu=v9.6 -mxl-soft-mul -Wl,--no-relax -o "ece544_proj2_app.elf"  ./src/ece544_IP_Test.o ./src/platform.o   -Wl,--start-group,-lxil,-lgcc,-lc,--end-group
'Finished building target: ece544_proj2_app.elf'
' '
'Invoking: MicroBlaze Print Size'
mb-size ece544_proj2_app.elf  |tee "ece544_proj2_app.elf.size"
   text	   data	    bss	    dec	    hex	filename
  37580	    416	   2724	  40720	   9f10	ece544_proj2_app.elf
'Finished building: ece544_proj2_app.elf.size'
' '
09:44:36 **** Incremental Build of configuration Debug for project ece544_proj2_app ****
make all 
make: Nothing to be done for `all'.
09:47:48 **** Auto Build of configuration Debug for project ece544_proj2_app ****
make all 
'Building file: ../src/ece544_IP_Test.c'
'Invoking: MicroBlaze gcc compiler'
mb-gcc -Wall -O0 -g3 -c -fmessage-length=0 -MT"src/ece544_IP_Test.o" -I../../standalone_bsp_0/microblaze_0/include -mlittle-endian -mcpu=v9.6 -mxl-soft-mul -Wl,--no-relax -MMD -MP -MF"src/ece544_IP_Test.d" -MT"src/ece544_IP_Test.o" -o "src/ece544_IP_Test.o" "../src/ece544_IP_Test.c"
In file included from ../src/ece544_IP_Test.c:52:0:
../../standalone_bsp_0/microblaze_0/include/PmodOLEDrgb.h:58:0: warning: "bool" redefined
 #define bool u8
 ^
In file included from ../../standalone_bsp_0/microblaze_0/include/nexys4IO.h:29:0,
                 from ../src/ece544_IP_Test.c:47:
c:\xilinx\sdk\2016.2\gnu\microblaze\nt\lib\gcc\microblaze-xilinx-elf\5.2.0\include\stdbool.h:33:0: note: this is the location of the previous definition
 #define bool _Bool
 ^
'Finished building: ../src/ece544_IP_Test.c'
' '
'Building target: ece544_proj2_app.elf'
'Invoking: MicroBlaze gcc linker'
mb-gcc -Wl,-T -Wl,../src/lscript.ld -L../../standalone_bsp_0/microblaze_0/lib -mlittle-endian -mcpu=v9.6 -mxl-soft-mul -Wl,--no-relax -o "ece544_proj2_app.elf"  ./src/ece544_IP_Test.o ./src/platform.o   -Wl,--start-group,-lxil,-lgcc,-lc,--end-group
'Finished building target: ece544_proj2_app.elf'
' '
'Invoking: MicroBlaze Print Size'
mb-size ece544_proj2_app.elf  |tee "ece544_proj2_app.elf.size"
   text	   data	    bss	    dec	    hex	filename
  37608	    416	   2720	  40744	   9f28	ece544_proj2_app.elf
'Finished building: ece544_proj2_app.elf.size'
' '
09:48:02 **** Incremental Build of configuration Debug for project ece544_proj2_app ****
make all 
make: Nothing to be done for `all'.
09:57:00 **** Auto Build of configuration Debug for project ece544_proj2_app ****
make all 
'Building file: ../src/ece544_IP_Test.c'
'Invoking: MicroBlaze gcc compiler'
mb-gcc -Wall -O0 -g3 -c -fmessage-length=0 -MT"src/ece544_IP_Test.o" -I../../standalone_bsp_0/microblaze_0/include -mlittle-endian -mcpu=v9.6 -mxl-soft-mul -Wl,--no-relax -MMD -MP -MF"src/ece544_IP_Test.d" -MT"src/ece544_IP_Test.o" -o "src/ece544_IP_Test.o" "../src/ece544_IP_Test.c"
In file included from ../src/ece544_IP_Test.c:52:0:
../../standalone_bsp_0/microblaze_0/include/PmodOLEDrgb.h:58:0: warning: "bool" redefined
 #define bool u8
 ^
In file included from ../../standalone_bsp_0/microblaze_0/include/nexys4IO.h:29:0,
                 from ../src/ece544_IP_Test.c:47:
c:\xilinx\sdk\2016.2\gnu\microblaze\nt\lib\gcc\microblaze-xilinx-elf\5.2.0\include\stdbool.h:33:0: note: this is the location of the previous definition
 #define bool _Bool
 ^
'Finished building: ../src/ece544_IP_Test.c'
' '
'Building target: ece544_proj2_app.elf'
'Invoking: MicroBlaze gcc linker'
mb-gcc -Wl,-T -Wl,../src/lscript.ld -L../../standalone_bsp_0/microblaze_0/lib -mlittle-endian -mcpu=v9.6 -mxl-soft-mul -Wl,--no-relax -o "ece544_proj2_app.elf"  ./src/ece544_IP_Test.o ./src/platform.o   -Wl,--start-group,-lxil,-lgcc,-lc,--end-group
'Finished building target: ece544_proj2_app.elf'
' '
'Invoking: MicroBlaze Print Size'
mb-size ece544_proj2_app.elf  |tee "ece544_proj2_app.elf.size"
   text	   data	    bss	    dec	    hex	filename
  37608	    416	   2720	  40744	   9f28	ece544_proj2_app.elf
'Finished building: ece544_proj2_app.elf.size'
' '
09:59:19 **** Auto Build of configuration Debug for project ece544_proj2_app ****
make all 
'Building file: ../src/ece544_IP_Test.c'
'Invoking: MicroBlaze gcc compiler'
mb-gcc -Wall -O0 -g3 -c -fmessage-length=0 -MT"src/ece544_IP_Test.o" -I../../standalone_bsp_0/microblaze_0/include -mlittle-endian -mcpu=v9.6 -mxl-soft-mul -Wl,--no-relax -MMD -MP -MF"src/ece544_IP_Test.d" -MT"src/ece544_IP_Test.o" -o "src/ece544_IP_Test.o" "../src/ece544_IP_Test.c"
In file included from ../src/ece544_IP_Test.c:52:0:
../../standalone_bsp_0/microblaze_0/include/PmodOLEDrgb.h:58:0: warning: "bool" redefined
 #define bool u8
 ^
In file included from ../../standalone_bsp_0/microblaze_0/include/nexys4IO.h:29:0,
                 from ../src/ece544_IP_Test.c:47:
c:\xilinx\sdk\2016.2\gnu\microblaze\nt\lib\gcc\microblaze-xilinx-elf\5.2.0\include\stdbool.h:33:0: note: this is the location of the previous definition
 #define bool _Bool
 ^
'Finished building: ../src/ece544_IP_Test.c'
' '
'Building target: ece544_proj2_app.elf'
'Invoking: MicroBlaze gcc linker'
mb-gcc -Wl,-T -Wl,../src/lscript.ld -L../../standalone_bsp_0/microblaze_0/lib -mlittle-endian -mcpu=v9.6 -mxl-soft-mul -Wl,--no-relax -o "ece544_proj2_app.elf"  ./src/ece544_IP_Test.o ./src/platform.o   -Wl,--start-group,-lxil,-lgcc,-lc,--end-group
'Finished building target: ece544_proj2_app.elf'
' '
'Invoking: MicroBlaze Print Size'
mb-size ece544_proj2_app.elf  |tee "ece544_proj2_app.elf.size"
   text	   data	    bss	    dec	    hex	filename
  41776	    484	   2724	  44984	   afb8	ece544_proj2_app.elf
'Finished building: ece544_proj2_app.elf.size'
' '
09:59:30 **** Incremental Build of configuration Debug for project ece544_proj2_app ****
make all 
make: Nothing to be done for `all'.
10:00:04 **** Incremental Build of configuration Debug for project ece544_proj2_app ****
make all 
make: Nothing to be done for `all'.
10:01:35 **** Auto Build of configuration Debug for project ece544_proj2_app ****
make all 
'Building file: ../src/ece544_IP_Test.c'
'Invoking: MicroBlaze gcc compiler'
mb-gcc -Wall -O0 -g3 -c -fmessage-length=0 -MT"src/ece544_IP_Test.o" -I../../standalone_bsp_0/microblaze_0/include -mlittle-endian -mcpu=v9.6 -mxl-soft-mul -Wl,--no-relax -MMD -MP -MF"src/ece544_IP_Test.d" -MT"src/ece544_IP_Test.o" -o "src/ece544_IP_Test.o" "../src/ece544_IP_Test.c"
In file included from ../src/ece544_IP_Test.c:52:0:
../../standalone_bsp_0/microblaze_0/include/PmodOLEDrgb.h:58:0: warning: "bool" redefined
 #define bool u8
 ^
In file included from ../../standalone_bsp_0/microblaze_0/include/nexys4IO.h:29:0,
                 from ../src/ece544_IP_Test.c:47:
c:\xilinx\sdk\2016.2\gnu\microblaze\nt\lib\gcc\microblaze-xilinx-elf\5.2.0\include\stdbool.h:33:0: note: this is the location of the previous definition
 #define bool _Bool
 ^
'Finished building: ../src/ece544_IP_Test.c'
' '
'Building target: ece544_proj2_app.elf'
'Invoking: MicroBlaze gcc linker'
mb-gcc -Wl,-T -Wl,../src/lscript.ld -L../../standalone_bsp_0/microblaze_0/lib -mlittle-endian -mcpu=v9.6 -mxl-soft-mul -Wl,--no-relax -o "ece544_proj2_app.elf"  ./src/ece544_IP_Test.o ./src/platform.o   -Wl,--start-group,-lxil,-lgcc,-lc,--end-group
'Finished building target: ece544_proj2_app.elf'
' '
'Invoking: MicroBlaze Print Size'
mb-size ece544_proj2_app.elf  |tee "ece544_proj2_app.elf.size"
   text	   data	    bss	    dec	    hex	filename
  41776	    484	   2724	  44984	   afb8	ece544_proj2_app.elf
'Finished building: ece544_proj2_app.elf.size'
' '
10:02:23 **** Incremental Build of configuration Debug for project ece544_proj2_app ****
make all 
make: Nothing to be done for `all'.
10:05:00 **** Auto Build of configuration Debug for project ece544_proj2_app ****
make all 
'Building file: ../src/ece544_IP_Test.c'
'Invoking: MicroBlaze gcc compiler'
mb-gcc -Wall -O0 -g3 -c -fmessage-length=0 -MT"src/ece544_IP_Test.o" -I../../standalone_bsp_0/microblaze_0/include -mlittle-endian -mcpu=v9.6 -mxl-soft-mul -Wl,--no-relax -MMD -MP -MF"src/ece544_IP_Test.d" -MT"src/ece544_IP_Test.o" -o "src/ece544_IP_Test.o" "../src/ece544_IP_Test.c"
In file included from ../src/ece544_IP_Test.c:52:0:
../../standalone_bsp_0/microblaze_0/include/PmodOLEDrgb.h:58:0: warning: "bool" redefined
 #define bool u8
 ^
In file included from ../../standalone_bsp_0/microblaze_0/include/nexys4IO.h:29:0,
                 from ../src/ece544_IP_Test.c:47:
c:\xilinx\sdk\2016.2\gnu\microblaze\nt\lib\gcc\microblaze-xilinx-elf\5.2.0\include\stdbool.h:33:0: note: this is the location of the previous definition
 #define bool _Bool
 ^
'Finished building: ../src/ece544_IP_Test.c'
' '
'Building target: ece544_proj2_app.elf'
'Invoking: MicroBlaze gcc linker'
mb-gcc -Wl,-T -Wl,../src/lscript.ld -L../../standalone_bsp_0/microblaze_0/lib -mlittle-endian -mcpu=v9.6 -mxl-soft-mul -Wl,--no-relax -o "ece544_proj2_app.elf"  ./src/ece544_IP_Test.o ./src/platform.o   -Wl,--start-group,-lxil,-lgcc,-lc,--end-group
'Finished building target: ece544_proj2_app.elf'
' '
'Invoking: MicroBlaze Print Size'
mb-size ece544_proj2_app.elf  |tee "ece544_proj2_app.elf.size"
   text	   data	    bss	    dec	    hex	filename
  41776	    484	   2724	  44984	   afb8	ece544_proj2_app.elf
'Finished building: ece544_proj2_app.elf.size'
' '
10:06:42 **** Incremental Build of configuration Debug for project ece544_proj2_app ****
make all 
make: Nothing to be done for `all'.
10:08:25 **** Auto Build of configuration Debug for project ece544_proj2_app ****
make all 
'Building file: ../src/ece544_IP_Test.c'
'Invoking: MicroBlaze gcc compiler'
mb-gcc -Wall -O0 -g3 -c -fmessage-length=0 -MT"src/ece544_IP_Test.o" -I../../standalone_bsp_0/microblaze_0/include -mlittle-endian -mcpu=v9.6 -mxl-soft-mul -Wl,--no-relax -MMD -MP -MF"src/ece544_IP_Test.d" -MT"src/ece544_IP_Test.o" -o "src/ece544_IP_Test.o" "../src/ece544_IP_Test.c"
In file included from ../src/ece544_IP_Test.c:52:0:
../../standalone_bsp_0/microblaze_0/include/PmodOLEDrgb.h:58:0: warning: "bool" redefined
 #define bool u8
 ^
In file included from ../../standalone_bsp_0/microblaze_0/include/nexys4IO.h:29:0,
                 from ../src/ece544_IP_Test.c:47:
c:\xilinx\sdk\2016.2\gnu\microblaze\nt\lib\gcc\microblaze-xilinx-elf\5.2.0\include\stdbool.h:33:0: note: this is the location of the previous definition
 #define bool _Bool
 ^
'Finished building: ../src/ece544_IP_Test.c'
' '
'Building target: ece544_proj2_app.elf'
'Invoking: MicroBlaze gcc linker'
mb-gcc -Wl,-T -Wl,../src/lscript.ld -L../../standalone_bsp_0/microblaze_0/lib -mlittle-endian -mcpu=v9.6 -mxl-soft-mul -Wl,--no-relax -o "ece544_proj2_app.elf"  ./src/ece544_IP_Test.o ./src/platform.o   -Wl,--start-group,-lxil,-lgcc,-lc,--end-group
'Finished building target: ece544_proj2_app.elf'
' '
'Invoking: MicroBlaze Print Size'
mb-size ece544_proj2_app.elf  |tee "ece544_proj2_app.elf.size"
   text	   data	    bss	    dec	    hex	filename
  41776	    484	   2724	  44984	   afb8	ece544_proj2_app.elf
'Finished building: ece544_proj2_app.elf.size'
' '
10:12:06 **** Incremental Build of configuration Debug for project ece544_proj2_app ****
make all 
make: Nothing to be done for `all'.
10:14:56 **** Auto Build of configuration Debug for project ece544_proj2_app ****
make all 
'Building file: ../src/ece544_IP_Test.c'
'Invoking: MicroBlaze gcc compiler'
mb-gcc -Wall -O0 -g3 -c -fmessage-length=0 -MT"src/ece544_IP_Test.o" -I../../standalone_bsp_0/microblaze_0/include -mlittle-endian -mcpu=v9.6 -mxl-soft-mul -Wl,--no-relax -MMD -MP -MF"src/ece544_IP_Test.d" -MT"src/ece544_IP_Test.o" -o "src/ece544_IP_Test.o" "../src/ece544_IP_Test.c"
In file included from ../src/ece544_IP_Test.c:52:0:
../../standalone_bsp_0/microblaze_0/include/PmodOLEDrgb.h:58:0: warning: "bool" redefined
 #define bool u8
 ^
In file included from ../../standalone_bsp_0/microblaze_0/include/nexys4IO.h:29:0,
                 from ../src/ece544_IP_Test.c:47:
c:\xilinx\sdk\2016.2\gnu\microblaze\nt\lib\gcc\microblaze-xilinx-elf\5.2.0\include\stdbool.h:33:0: note: this is the location of the previous definition
 #define bool _Bool
 ^
'Finished building: ../src/ece544_IP_Test.c'
' '
'Building target: ece544_proj2_app.elf'
'Invoking: MicroBlaze gcc linker'
mb-gcc -Wl,-T -Wl,../src/lscript.ld -L../../standalone_bsp_0/microblaze_0/lib -mlittle-endian -mcpu=v9.6 -mxl-soft-mul -Wl,--no-relax -o "ece544_proj2_app.elf"  ./src/ece544_IP_Test.o ./src/platform.o   -Wl,--start-group,-lxil,-lgcc,-lc,--end-group
'Finished building target: ece544_proj2_app.elf'
' '
'Invoking: MicroBlaze Print Size'
mb-size ece544_proj2_app.elf  |tee "ece544_proj2_app.elf.size"
   text	   data	    bss	    dec	    hex	filename
  41712	    484	   2724	  44920	   af78	ece544_proj2_app.elf
'Finished building: ece544_proj2_app.elf.size'
' '
10:15:43 **** Incremental Build of configuration Debug for project ece544_proj2_app ****
make all 
make: Nothing to be done for `all'.
10:17:28 **** Auto Build of configuration Debug for project ece544_proj2_app ****
make all 
'Building file: ../src/ece544_IP_Test.c'
'Invoking: MicroBlaze gcc compiler'
mb-gcc -Wall -O0 -g3 -c -fmessage-length=0 -MT"src/ece544_IP_Test.o" -I../../standalone_bsp_0/microblaze_0/include -mlittle-endian -mcpu=v9.6 -mxl-soft-mul -Wl,--no-relax -MMD -MP -MF"src/ece544_IP_Test.d" -MT"src/ece544_IP_Test.o" -o "src/ece544_IP_Test.o" "../src/ece544_IP_Test.c"
In file included from ../src/ece544_IP_Test.c:52:0:
../../standalone_bsp_0/microblaze_0/include/PmodOLEDrgb.h:58:0: warning: "bool" redefined
 #define bool u8
 ^
In file included from ../../standalone_bsp_0/microblaze_0/include/nexys4IO.h:29:0,
                 from ../src/ece544_IP_Test.c:47:
c:\xilinx\sdk\2016.2\gnu\microblaze\nt\lib\gcc\microblaze-xilinx-elf\5.2.0\include\stdbool.h:33:0: note: this is the location of the previous definition
 #define bool _Bool
 ^
../src/ece544_IP_Test.c: In function 'main':
../src/ece544_IP_Test.c:174:6: warning: unused variable 'temp' [-Wunused-variable]
  int temp = 1;
      ^
'Finished building: ../src/ece544_IP_Test.c'
' '
'Building target: ece544_proj2_app.elf'
'Invoking: MicroBlaze gcc linker'
mb-gcc -Wl,-T -Wl,../src/lscript.ld -L../../standalone_bsp_0/microblaze_0/lib -mlittle-endian -mcpu=v9.6 -mxl-soft-mul -Wl,--no-relax -o "ece544_proj2_app.elf"  ./src/ece544_IP_Test.o ./src/platform.o   -Wl,--start-group,-lxil,-lgcc,-lc,--end-group
'Finished building target: ece544_proj2_app.elf'
' '
'Invoking: MicroBlaze Print Size'
mb-size ece544_proj2_app.elf  |tee "ece544_proj2_app.elf.size"
   text	   data	    bss	    dec	    hex	filename
  37628	    416	   2724	  40768	   9f40	ece544_proj2_app.elf
'Finished building: ece544_proj2_app.elf.size'
' '
10:17:37 **** Auto Build of configuration Debug for project ece544_proj2_app ****
make all 
'Building file: ../src/ece544_IP_Test.c'
'Invoking: MicroBlaze gcc compiler'
mb-gcc -Wall -O0 -g3 -c -fmessage-length=0 -MT"src/ece544_IP_Test.o" -I../../standalone_bsp_0/microblaze_0/include -mlittle-endian -mcpu=v9.6 -mxl-soft-mul -Wl,--no-relax -MMD -MP -MF"src/ece544_IP_Test.d" -MT"src/ece544_IP_Test.o" -o "src/ece544_IP_Test.o" "../src/ece544_IP_Test.c"
In file included from ../src/ece544_IP_Test.c:52:0:
../../standalone_bsp_0/microblaze_0/include/PmodOLEDrgb.h:58:0: warning: "bool" redefined
 #define bool u8
 ^
In file included from ../../standalone_bsp_0/microblaze_0/include/nexys4IO.h:29:0,
                 from ../src/ece544_IP_Test.c:47:
c:\xilinx\sdk\2016.2\gnu\microblaze\nt\lib\gcc\microblaze-xilinx-elf\5.2.0\include\stdbool.h:33:0: note: this is the location of the previous definition
 #define bool _Bool
 ^
'Finished building: ../src/ece544_IP_Test.c'
' '
'Building target: ece544_proj2_app.elf'
'Invoking: MicroBlaze gcc linker'
mb-gcc -Wl,-T -Wl,../src/lscript.ld -L../../standalone_bsp_0/microblaze_0/lib -mlittle-endian -mcpu=v9.6 -mxl-soft-mul -Wl,--no-relax -o "ece544_proj2_app.elf"  ./src/ece544_IP_Test.o ./src/platform.o   -Wl,--start-group,-lxil,-lgcc,-lc,--end-group
'Finished building target: ece544_proj2_app.elf'
' '
'Invoking: MicroBlaze Print Size'
mb-size ece544_proj2_app.elf  |tee "ece544_proj2_app.elf.size"
   text	   data	    bss	    dec	    hex	filename
  37620	    416	   2724	  40760	   9f38	ece544_proj2_app.elf
'Finished building: ece544_proj2_app.elf.size'
' '
10:18:25 **** Incremental Build of configuration Debug for project ece544_proj2_app ****
make all 
make: Nothing to be done for `all'.
10:43:39 **** Clean-only build of project standalone_bsp_0 ****
make -k clean 
rm -f microblaze_0/lib/libxil.a
10:43:40 **** Clean-only build of configuration Debug for project ece544_proj2_app ****
make clean 
rm -rf  ./src/ece544_IP_Test.o ./src/platform.o  ./src/ece544_IP_Test.d ./src/platform.d  ece544_proj2_app.elf.size  ece544_proj2_app.elf
' '
10:43:41 **** Build of project standalone_bsp_0 ****
make -k all 
"Running Make include in microblaze_0/libsrc/bram_v4_1/src"
make -C microblaze_0/libsrc/bram_v4_1/src -s include  "SHELL=CMD" "COMPILER=mb-gcc" "ARCHIVER=mb-ar" "COMPILER_FLAGS= -O2 -c -mcpu=v9.6 -mlittle-endian -mxl-soft-mul" "EXTRA_COMPILER_FLAGS=-g"
"Running Make include in microblaze_0/libsrc/cpu_v2_5/src"
make -C microblaze_0/libsrc/cpu_v2_5/src -s include  "SHELL=CMD" "COMPILER=mb-gcc" "ARCHIVER=mb-ar" "COMPILER_FLAGS= -O2 -c -mcpu=v9.6 -mlittle-endian -mxl-soft-mul" "EXTRA_COMPILER_FLAGS=-g"
"Running Make include in microblaze_0/libsrc/gpio_v4_1/src"
make -C microblaze_0/libsrc/gpio_v4_1/src -s include  "SHELL=CMD" "COMPILER=mb-gcc" "ARCHIVER=mb-ar" "COMPILER_FLAGS= -O2 -c -mcpu=v9.6 -mlittle-endian -mxl-soft-mul" "EXTRA_COMPILER_FLAGS=-g"
"Running Make include in microblaze_0/libsrc/intc_v3_5/src"
make -C microblaze_0/libsrc/intc_v3_5/src -s include  "SHELL=CMD" "COMPILER=mb-gcc" "ARCHIVER=mb-ar" "COMPILER_FLAGS= -O2 -c -mcpu=v9.6 -mlittle-endian -mxl-soft-mul" "EXTRA_COMPILER_FLAGS=-g"
"Running Make include in microblaze_0/libsrc/nexys4IO_v1_0/src"
make -C microblaze_0/libsrc/nexys4IO_v1_0/src -s include  "SHELL=CMD" "COMPILER=mb-gcc" "ARCHIVER=mb-ar" "COMPILER_FLAGS= -O2 -c -mcpu=v9.6 -mlittle-endian -mxl-soft-mul" "EXTRA_COMPILER_FLAGS=-g"
"Running Make include in microblaze_0/libsrc/PmodENC_v1_0/src"
make -C microblaze_0/libsrc/PmodENC_v1_0/src -s include  "SHELL=CMD" "COMPILER=mb-gcc" "ARCHIVER=mb-ar" "COMPILER_FLAGS= -O2 -c -mcpu=v9.6 -mlittle-endian -mxl-soft-mul" "EXTRA_COMPILER_FLAGS=-g"
"Running Make include in microblaze_0/libsrc/PmodOLEDrgb_v1_0/src"
make -C microblaze_0/libsrc/PmodOLEDrgb_v1_0/src -s include  "SHELL=CMD" "COMPILER=mb-gcc" "ARCHIVER=mb-ar" "COMPILER_FLAGS= -O2 -c -mcpu=v9.6 -mlittle-endian -mxl-soft-mul" "EXTRA_COMPILER_FLAGS=-g"
"Running Make include in microblaze_0/libsrc/standalone_v5_5/src"
make -C microblaze_0/libsrc/standalone_v5_5/src -s include  "SHELL=CMD" "COMPILER=mb-gcc" "ARCHIVER=mb-ar" "COMPILER_FLAGS= -O2 -c -mcpu=v9.6 -mlittle-endian -mxl-soft-mul" "EXTRA_COMPILER_FLAGS=-g"
"Running Make include in microblaze_0/libsrc/tmrctr_v4_1/src"
make -C microblaze_0/libsrc/tmrctr_v4_1/src -s include  "SHELL=CMD" "COMPILER=mb-gcc" "ARCHIVER=mb-ar" "COMPILER_FLAGS= -O2 -c -mcpu=v9.6 -mlittle-endian -mxl-soft-mul" "EXTRA_COMPILER_FLAGS=-g"
"Running Make include in microblaze_0/libsrc/uartlite_v3_2/src"
make -C microblaze_0/libsrc/uartlite_v3_2/src -s include  "SHELL=CMD" "COMPILER=mb-gcc" "ARCHIVER=mb-ar" "COMPILER_FLAGS= -O2 -c -mcpu=v9.6 -mlittle-endian -mxl-soft-mul" "EXTRA_COMPILER_FLAGS=-g"
"Running Make libs in microblaze_0/libsrc/bram_v4_1/src"
make -C microblaze_0/libsrc/bram_v4_1/src -s libs  "SHELL=CMD" "COMPILER=mb-gcc" "ARCHIVER=mb-ar" "COMPILER_FLAGS= -O2 -c -mcpu=v9.6 -mlittle-endian -mxl-soft-mul" "EXTRA_COMPILER_FLAGS=-g"
"Compiling bram"
mb-ar: creating ../../../lib/libxil.a
"Running Make libs in microblaze_0/libsrc/cpu_v2_5/src"
make -C microblaze_0/libsrc/cpu_v2_5/src -s libs  "SHELL=CMD" "COMPILER=mb-gcc" "ARCHIVER=mb-ar" "COMPILER_FLAGS= -O2 -c -mcpu=v9.6 -mlittle-endian -mxl-soft-mul" "EXTRA_COMPILER_FLAGS=-g"
"Compiling cpu"
"Running Make libs in microblaze_0/libsrc/gpio_v4_1/src"
make -C microblaze_0/libsrc/gpio_v4_1/src -s libs  "SHELL=CMD" "COMPILER=mb-gcc" "ARCHIVER=mb-ar" "COMPILER_FLAGS= -O2 -c -mcpu=v9.6 -mlittle-endian -mxl-soft-mul" "EXTRA_COMPILER_FLAGS=-g"
"Compiling gpio"
"Running Make libs in microblaze_0/libsrc/intc_v3_5/src"
make -C microblaze_0/libsrc/intc_v3_5/src -s libs  "SHELL=CMD" "COMPILER=mb-gcc" "ARCHIVER=mb-ar" "COMPILER_FLAGS= -O2 -c -mcpu=v9.6 -mlittle-endian -mxl-soft-mul" "EXTRA_COMPILER_FLAGS=-g"
"Compiling intc"
"Running Make libs in microblaze_0/libsrc/nexys4IO_v1_0/src"
make -C microblaze_0/libsrc/nexys4IO_v1_0/src -s libs  "SHELL=CMD" "COMPILER=mb-gcc" "ARCHIVER=mb-ar" "COMPILER_FLAGS= -O2 -c -mcpu=v9.6 -mlittle-endian -mxl-soft-mul" "EXTRA_COMPILER_FLAGS=-g"
"Compiling nexys4IO..."
"Running Make libs in microblaze_0/libsrc/PmodENC_v1_0/src"
make -C microblaze_0/libsrc/PmodENC_v1_0/src -s libs  "SHELL=CMD" "COMPILER=mb-gcc" "ARCHIVER=mb-ar" "COMPILER_FLAGS= -O2 -c -mcpu=v9.6 -mlittle-endian -mxl-soft-mul" "EXTRA_COMPILER_FLAGS=-g"
"Compiling PmodENC..."
"Running Make libs in microblaze_0/libsrc/PmodOLEDrgb_v1_0/src"
make -C microblaze_0/libsrc/PmodOLEDrgb_v1_0/src -s libs  "SHELL=CMD" "COMPILER=mb-gcc" "ARCHIVER=mb-ar" "COMPILER_FLAGS= -O2 -c -mcpu=v9.6 -mlittle-endian -mxl-soft-mul" "EXTRA_COMPILER_FLAGS=-g"
"Compiling PmodOLEDrgb..."
Command canceled
10:44:18 **** Build of project standalone_bsp_0 ****
make -k all 
"Running Make include in microblaze_0/libsrc/bram_v4_1/src"
make -C microblaze_0/libsrc/bram_v4_1/src -s include  "SHELL=CMD" "COMPILER=mb-gcc" "ARCHIVER=mb-ar" "COMPILER_FLAGS= -O2 -c -mcpu=v9.6 -mlittle-endian -mxl-soft-mul" "EXTRA_COMPILER_FLAGS=-g"
"Running Make include in microblaze_0/libsrc/cpu_v2_5/src"
make -C microblaze_0/libsrc/cpu_v2_5/src -s include  "SHELL=CMD" "COMPILER=mb-gcc" "ARCHIVER=mb-ar" "COMPILER_FLAGS= -O2 -c -mcpu=v9.6 -mlittle-endian -mxl-soft-mul" "EXTRA_COMPILER_FLAGS=-g"
"Running Make include in microblaze_0/libsrc/gpio_v4_1/src"
make -C microblaze_0/libsrc/gpio_v4_1/src -s include  "SHELL=CMD" "COMPILER=mb-gcc" "ARCHIVER=mb-ar" "COMPILER_FLAGS= -O2 -c -mcpu=v9.6 -mlittle-endian -mxl-soft-mul" "EXTRA_COMPILER_FLAGS=-g"
"Running Make include in microblaze_0/libsrc/intc_v3_5/src"
make -C microblaze_0/libsrc/intc_v3_5/src -s include  "SHELL=CMD" "COMPILER=mb-gcc" "ARCHIVER=mb-ar" "COMPILER_FLAGS= -O2 -c -mcpu=v9.6 -mlittle-endian -mxl-soft-mul" "EXTRA_COMPILER_FLAGS=-g"
"Running Make include in microblaze_0/libsrc/nexys4IO_v1_0/src"
make -C microblaze_0/libsrc/nexys4IO_v1_0/src -s include  "SHELL=CMD" "COMPILER=mb-gcc" "ARCHIVER=mb-ar" "COMPILER_FLAGS= -O2 -c -mcpu=v9.6 -mlittle-endian -mxl-soft-mul" "EXTRA_COMPILER_FLAGS=-g"
"Running Make include in microblaze_0/libsrc/PmodENC_v1_0/src"
make -C microblaze_0/libsrc/PmodENC_v1_0/src -s include  "SHELL=CMD" "COMPILER=mb-gcc" "ARCHIVER=mb-ar" "COMPILER_FLAGS= -O2 -c -mcpu=v9.6 -mlittle-endian -mxl-soft-mul" "EXTRA_COMPILER_FLAGS=-g"
"Running Make include in microblaze_0/libsrc/PmodOLEDrgb_v1_0/src"
make -C microblaze_0/libsrc/PmodOLEDrgb_v1_0/src -s include  "SHELL=CMD" "COMPILER=mb-gcc" "ARCHIVER=mb-ar" "COMPILER_FLAGS= -O2 -c -mcpu=v9.6 -mlittle-endian -mxl-soft-mul" "EXTRA_COMPILER_FLAGS=-g"
"Running Make include in microblaze_0/libsrc/standalone_v5_5/src"
make -C microblaze_0/libsrc/standalone_v5_5/src -s include  "SHELL=CMD" "COMPILER=mb-gcc" "ARCHIVER=mb-ar" "COMPILER_FLAGS= -O2 -c -mcpu=v9.6 -mlittle-endian -mxl-soft-mul" "EXTRA_COMPILER_FLAGS=-g"
"Running Make include in microblaze_0/libsrc/tmrctr_v4_1/src"
make -C microblaze_0/libsrc/tmrctr_v4_1/src -s include  "SHELL=CMD" "COMPILER=mb-gcc" "ARCHIVER=mb-ar" "COMPILER_FLAGS= -O2 -c -mcpu=v9.6 -mlittle-endian -mxl-soft-mul" "EXTRA_COMPILER_FLAGS=-g"
"Running Make include in microblaze_0/libsrc/uartlite_v3_2/src"
make -C microblaze_0/libsrc/uartlite_v3_2/src -s include  "SHELL=CMD" "COMPILER=mb-gcc" "ARCHIVER=mb-ar" "COMPILER_FLAGS= -O2 -c -mcpu=v9.6 -mlittle-endian -mxl-soft-mul" "EXTRA_COMPILER_FLAGS=-g"
"Running Make libs in microblaze_0/libsrc/bram_v4_1/src"
make -C microblaze_0/libsrc/bram_v4_1/src -s libs  "SHELL=CMD" "COMPILER=mb-gcc" "ARCHIVER=mb-ar" "COMPILER_FLAGS= -O2 -c -mcpu=v9.6 -mlittle-endian -mxl-soft-mul" "EXTRA_COMPILER_FLAGS=-g"
"Compiling bram"
"Running Make libs in microblaze_0/libsrc/cpu_v2_5/src"
make -C microblaze_0/libsrc/cpu_v2_5/src -s libs  "SHELL=CMD" "COMPILER=mb-gcc" "ARCHIVER=mb-ar" "COMPILER_FLAGS= -O2 -c -mcpu=v9.6 -mlittle-endian -mxl-soft-mul" "EXTRA_COMPILER_FLAGS=-g"
"Compiling cpu"
"Running Make libs in microblaze_0/libsrc/gpio_v4_1/src"
make -C microblaze_0/libsrc/gpio_v4_1/src -s libs  "SHELL=CMD" "COMPILER=mb-gcc" "ARCHIVER=mb-ar" "COMPILER_FLAGS= -O2 -c -mcpu=v9.6 -mlittle-endian -mxl-soft-mul" "EXTRA_COMPILER_FLAGS=-g"
"Compiling gpio"
"Running Make libs in microblaze_0/libsrc/intc_v3_5/src"
make -C microblaze_0/libsrc/intc_v3_5/src -s libs  "SHELL=CMD" "COMPILER=mb-gcc" "ARCHIVER=mb-ar" "COMPILER_FLAGS= -O2 -c -mcpu=v9.6 -mlittle-endian -mxl-soft-mul" "EXTRA_COMPILER_FLAGS=-g"
"Compiling intc"
"Running Make libs in microblaze_0/libsrc/nexys4IO_v1_0/src"
make -C microblaze_0/libsrc/nexys4IO_v1_0/src -s libs  "SHELL=CMD" "COMPILER=mb-gcc" "ARCHIVER=mb-ar" "COMPILER_FLAGS= -O2 -c -mcpu=v9.6 -mlittle-endian -mxl-soft-mul" "EXTRA_COMPILER_FLAGS=-g"
"Compiling nexys4IO..."
"Running Make libs in microblaze_0/libsrc/PmodENC_v1_0/src"
make -C microblaze_0/libsrc/PmodENC_v1_0/src -s libs  "SHELL=CMD" "COMPILER=mb-gcc" "ARCHIVER=mb-ar" "COMPILER_FLAGS= -O2 -c -mcpu=v9.6 -mlittle-endian -mxl-soft-mul" "EXTRA_COMPILER_FLAGS=-g"
"Compiling PmodENC..."
"Running Make libs in microblaze_0/libsrc/PmodOLEDrgb_v1_0/src"
make -C microblaze_0/libsrc/PmodOLEDrgb_v1_0/src -s libs  "SHELL=CMD" "COMPILER=mb-gcc" "ARCHIVER=mb-ar" "COMPILER_FLAGS= -O2 -c -mcpu=v9.6 -mlittle-endian -mxl-soft-mul" "EXTRA_COMPILER_FLAGS=-g"
"Compiling PmodOLEDrgb..."
"Running Make libs in microblaze_0/libsrc/standalone_v5_5/src"
make -C microblaze_0/libsrc/standalone_v5_5/src -s libs  "SHELL=CMD" "COMPILER=mb-gcc" "ARCHIVER=mb-ar" "COMPILER_FLAGS= -O2 -c -mcpu=v9.6 -mlittle-endian -mxl-soft-mul" "EXTRA_COMPILER_FLAGS=-g"
"Compiling standalone";
Command canceled
10:45:21 **** Build of configuration Debug for project ece544_proj2_app ****
make all 
'Building file: ../src/ece544_IP_Test.c'
'Invoking: MicroBlaze gcc compiler'
mb-gcc -Wall -O0 -g3 -c -fmessage-length=0 -MT"src/ece544_IP_Test.o" -I../../standalone_bsp_0/microblaze_0/include -mlittle-endian -mcpu=v9.6 -mxl-soft-mul -Wl,--no-relax -MMD -MP -MF"src/ece544_IP_Test.d" -MT"src/ece544_IP_Test.o" -o "src/ece544_IP_Test.o" "../src/ece544_IP_Test.c"
../src/ece544_IP_Test.c:45:25: fatal error: xparameters.h: No such file or directory
compilation terminated.
make: *** [src/ece544_IP_Test.o] Error 1
10:48:46 **** Build of project standalone_bsp_0 ****
make -k all 
"Running Make include in microblaze_0/libsrc/bram_v4_1/src"
make -C microblaze_0/libsrc/bram_v4_1/src -s include  "SHELL=CMD" "COMPILER=mb-gcc" "ARCHIVER=mb-ar" "COMPILER_FLAGS= -O2 -c -mcpu=v9.6 -mlittle-endian -mxl-soft-mul" "EXTRA_COMPILER_FLAGS=-g"
"Running Make include in microblaze_0/libsrc/cpu_v2_5/src"
make -C microblaze_0/libsrc/cpu_v2_5/src -s include  "SHELL=CMD" "COMPILER=mb-gcc" "ARCHIVER=mb-ar" "COMPILER_FLAGS= -O2 -c -mcpu=v9.6 -mlittle-endian -mxl-soft-mul" "EXTRA_COMPILER_FLAGS=-g"
"Running Make include in microblaze_0/libsrc/gpio_v4_1/src"
make -C microblaze_0/libsrc/gpio_v4_1/src -s include  "SHELL=CMD" "COMPILER=mb-gcc" "ARCHIVER=mb-ar" "COMPILER_FLAGS= -O2 -c -mcpu=v9.6 -mlittle-endian -mxl-soft-mul" "EXTRA_COMPILER_FLAGS=-g"
"Running Make include in microblaze_0/libsrc/intc_v3_5/src"
make -C microblaze_0/libsrc/intc_v3_5/src -s include  "SHELL=CMD" "COMPILER=mb-gcc" "ARCHIVER=mb-ar" "COMPILER_FLAGS= -O2 -c -mcpu=v9.6 -mlittle-endian -mxl-soft-mul" "EXTRA_COMPILER_FLAGS=-g"
"Running Make include in microblaze_0/libsrc/nexys4IO_v1_0/src"
make -C microblaze_0/libsrc/nexys4IO_v1_0/src -s include  "SHELL=CMD" "COMPILER=mb-gcc" "ARCHIVER=mb-ar" "COMPILER_FLAGS= -O2 -c -mcpu=v9.6 -mlittle-endian -mxl-soft-mul" "EXTRA_COMPILER_FLAGS=-g"
"Running Make include in microblaze_0/libsrc/PmodENC_v1_0/src"
make -C microblaze_0/libsrc/PmodENC_v1_0/src -s include  "SHELL=CMD" "COMPILER=mb-gcc" "ARCHIVER=mb-ar" "COMPILER_FLAGS= -O2 -c -mcpu=v9.6 -mlittle-endian -mxl-soft-mul" "EXTRA_COMPILER_FLAGS=-g"
"Running Make include in microblaze_0/libsrc/PmodOLEDrgb_v1_0/src"
make -C microblaze_0/libsrc/PmodOLEDrgb_v1_0/src -s include  "SHELL=CMD" "COMPILER=mb-gcc" "ARCHIVER=mb-ar" "COMPILER_FLAGS= -O2 -c -mcpu=v9.6 -mlittle-endian -mxl-soft-mul" "EXTRA_COMPILER_FLAGS=-g"
"Running Make include in microblaze_0/libsrc/standalone_v5_5/src"
make -C microblaze_0/libsrc/standalone_v5_5/src -s include  "SHELL=CMD" "COMPILER=mb-gcc" "ARCHIVER=mb-ar" "COMPILER_FLAGS= -O2 -c -mcpu=v9.6 -mlittle-endian -mxl-soft-mul" "EXTRA_COMPILER_FLAGS=-g"
"Running Make include in microblaze_0/libsrc/tmrctr_v4_1/src"
make -C microblaze_0/libsrc/tmrctr_v4_1/src -s include  "SHELL=CMD" "COMPILER=mb-gcc" "ARCHIVER=mb-ar" "COMPILER_FLAGS= -O2 -c -mcpu=v9.6 -mlittle-endian -mxl-soft-mul" "EXTRA_COMPILER_FLAGS=-g"
"Running Make include in microblaze_0/libsrc/uartlite_v3_2/src"
make -C microblaze_0/libsrc/uartlite_v3_2/src -s include  "SHELL=CMD" "COMPILER=mb-gcc" "ARCHIVER=mb-ar" "COMPILER_FLAGS= -O2 -c -mcpu=v9.6 -mlittle-endian -mxl-soft-mul" "EXTRA_COMPILER_FLAGS=-g"
"Running Make libs in microblaze_0/libsrc/bram_v4_1/src"
make -C microblaze_0/libsrc/bram_v4_1/src -s libs  "SHELL=CMD" "COMPILER=mb-gcc" "ARCHIVER=mb-ar" "COMPILER_FLAGS= -O2 -c -mcpu=v9.6 -mlittle-endian -mxl-soft-mul" "EXTRA_COMPILER_FLAGS=-g"
"Compiling bram"
mb-ar: creating ../../../lib/libxil.a
"Running Make libs in microblaze_0/libsrc/cpu_v2_5/src"
make -C microblaze_0/libsrc/cpu_v2_5/src -s libs  "SHELL=CMD" "COMPILER=mb-gcc" "ARCHIVER=mb-ar" "COMPILER_FLAGS= -O2 -c -mcpu=v9.6 -mlittle-endian -mxl-soft-mul" "EXTRA_COMPILER_FLAGS=-g"
"Compiling cpu"
"Running Make libs in microblaze_0/libsrc/gpio_v4_1/src"
make -C microblaze_0/libsrc/gpio_v4_1/src -s libs  "SHELL=CMD" "COMPILER=mb-gcc" "ARCHIVER=mb-ar" "COMPILER_FLAGS= -O2 -c -mcpu=v9.6 -mlittle-endian -mxl-soft-mul" "EXTRA_COMPILER_FLAGS=-g"
"Compiling gpio"
"Running Make libs in microblaze_0/libsrc/intc_v3_5/src"
make -C microblaze_0/libsrc/intc_v3_5/src -s libs  "SHELL=CMD" "COMPILER=mb-gcc" "ARCHIVER=mb-ar" "COMPILER_FLAGS= -O2 -c -mcpu=v9.6 -mlittle-endian -mxl-soft-mul" "EXTRA_COMPILER_FLAGS=-g"
"Compiling intc"
"Running Make libs in microblaze_0/libsrc/nexys4IO_v1_0/src"
make -C microblaze_0/libsrc/nexys4IO_v1_0/src -s libs  "SHELL=CMD" "COMPILER=mb-gcc" "ARCHIVER=mb-ar" "COMPILER_FLAGS= -O2 -c -mcpu=v9.6 -mlittle-endian -mxl-soft-mul" "EXTRA_COMPILER_FLAGS=-g"
"Compiling nexys4IO..."
"Running Make libs in microblaze_0/libsrc/PmodENC_v1_0/src"
make -C microblaze_0/libsrc/PmodENC_v1_0/src -s libs  "SHELL=CMD" "COMPILER=mb-gcc" "ARCHIVER=mb-ar" "COMPILER_FLAGS= -O2 -c -mcpu=v9.6 -mlittle-endian -mxl-soft-mul" "EXTRA_COMPILER_FLAGS=-g"
"Compiling PmodENC..."
"Running Make libs in microblaze_0/libsrc/PmodOLEDrgb_v1_0/src"
make -C microblaze_0/libsrc/PmodOLEDrgb_v1_0/src -s libs  "SHELL=CMD" "COMPILER=mb-gcc" "ARCHIVER=mb-ar" "COMPILER_FLAGS= -O2 -c -mcpu=v9.6 -mlittle-endian -mxl-soft-mul" "EXTRA_COMPILER_FLAGS=-g"
"Compiling PmodOLEDrgb..."
"Running Make libs in microblaze_0/libsrc/standalone_v5_5/src"
make -C microblaze_0/libsrc/standalone_v5_5/src -s libs  "SHELL=CMD" "COMPILER=mb-gcc" "ARCHIVER=mb-ar" "COMPILER_FLAGS= -O2 -c -mcpu=v9.6 -mlittle-endian -mxl-soft-mul" "EXTRA_COMPILER_FLAGS=-g"
"Compiling standalone";
"Running Make libs in microblaze_0/libsrc/tmrctr_v4_1/src"
make -C microblaze_0/libsrc/tmrctr_v4_1/src -s libs  "SHELL=CMD" "COMPILER=mb-gcc" "ARCHIVER=mb-ar" "COMPILER_FLAGS= -O2 -c -mcpu=v9.6 -mlittle-endian -mxl-soft-mul" "EXTRA_COMPILER_FLAGS=-g"
"Compiling tmrctr"
"Running Make libs in microblaze_0/libsrc/uartlite_v3_2/src"
make -C microblaze_0/libsrc/uartlite_v3_2/src -s libs  "SHELL=CMD" "COMPILER=mb-gcc" "ARCHIVER=mb-ar" "COMPILER_FLAGS= -O2 -c -mcpu=v9.6 -mlittle-endian -mxl-soft-mul" "EXTRA_COMPILER_FLAGS=-g"
"Compiling uartlite"
'Finished building libraries'
10:50:01 **** Auto Build of configuration Debug for project ece544_proj2_app ****
make all 
'Building file: ../src/ece544_IP_Test.c'
'Invoking: MicroBlaze gcc compiler'
mb-gcc -Wall -O0 -g3 -c -fmessage-length=0 -MT"src/ece544_IP_Test.o" -I../../standalone_bsp_0/microblaze_0/include -mlittle-endian -mcpu=v9.6 -mxl-soft-mul -Wl,--no-relax -MMD -MP -MF"src/ece544_IP_Test.d" -MT"src/ece544_IP_Test.o" -o "src/ece544_IP_Test.o" "../src/ece544_IP_Test.c"
In file included from ../src/ece544_IP_Test.c:52:0:
../../standalone_bsp_0/microblaze_0/include/PmodOLEDrgb.h:58:0: warning: "bool" redefined
 #define bool u8
 ^
In file included from ../../standalone_bsp_0/microblaze_0/include/nexys4IO.h:29:0,
                 from ../src/ece544_IP_Test.c:47:
c:\xilinx\sdk\2016.2\gnu\microblaze\nt\lib\gcc\microblaze-xilinx-elf\5.2.0\include\stdbool.h:33:0: note: this is the location of the previous definition
 #define bool _Bool
 ^
'Finished building: ../src/ece544_IP_Test.c'
' '
'Building file: ../src/platform.c'
'Invoking: MicroBlaze gcc compiler'
mb-gcc -Wall -O0 -g3 -c -fmessage-length=0 -MT"src/platform.o" -I../../standalone_bsp_0/microblaze_0/include -mlittle-endian -mcpu=v9.6 -mxl-soft-mul -Wl,--no-relax -MMD -MP -MF"src/platform.d" -MT"src/platform.o" -o "src/platform.o" "../src/platform.c"
'Finished building: ../src/platform.c'
' '
'Building target: ece544_proj2_app.elf'
'Invoking: MicroBlaze gcc linker'
mb-gcc -Wl,-T -Wl,../src/lscript.ld -L../../standalone_bsp_0/microblaze_0/lib -mlittle-endian -mcpu=v9.6 -mxl-soft-mul -Wl,--no-relax -o "ece544_proj2_app.elf"  ./src/ece544_IP_Test.o ./src/platform.o   -Wl,--start-group,-lxil,-lgcc,-lc,--end-group
'Finished building target: ece544_proj2_app.elf'
' '
'Invoking: MicroBlaze Print Size'
mb-size ece544_proj2_app.elf  |tee "ece544_proj2_app.elf.size"
   text	   data	    bss	    dec	    hex	filename
  37620	    416	   2724	  40760	   9f38	ece544_proj2_app.elf
'Finished building: ece544_proj2_app.elf.size'
' '
10:52:38 **** Auto Build of configuration Debug for project ece544_proj2_app ****
make all 
'Building file: ../src/ece544_IP_Test.c'
'Invoking: MicroBlaze gcc compiler'
mb-gcc -Wall -O0 -g3 -c -fmessage-length=0 -MT"src/ece544_IP_Test.o" -I../../standalone_bsp_0/microblaze_0/include -mlittle-endian -mcpu=v9.6 -mxl-soft-mul -Wl,--no-relax -MMD -MP -MF"src/ece544_IP_Test.d" -MT"src/ece544_IP_Test.o" -o "src/ece544_IP_Test.o" "../src/ece544_IP_Test.c"
In file included from ../src/ece544_IP_Test.c:52:0:
../../standalone_bsp_0/microblaze_0/include/PmodOLEDrgb.h:58:0: warning: "bool" redefined
 #define bool u8
 ^
In file included from ../../standalone_bsp_0/microblaze_0/include/nexys4IO.h:29:0,
                 from ../src/ece544_IP_Test.c:47:
c:\xilinx\sdk\2016.2\gnu\microblaze\nt\lib\gcc\microblaze-xilinx-elf\5.2.0\include\stdbool.h:33:0: note: this is the location of the previous definition
 #define bool _Bool
 ^
../src/ece544_IP_Test.c: In function 'main':
../src/ece544_IP_Test.c:176:5: warning: unused variable 'motor_direction' [-Wunused-variable]
  u8 motor_direction = 0x00;
     ^
../src/ece544_IP_Test.c:175:5: warning: unused variable 'motor_speed' [-Wunused-variable]
  u8 motor_speed = 0x00;
     ^
'Finished building: ../src/ece544_IP_Test.c'
' '
'Building target: ece544_proj2_app.elf'
'Invoking: MicroBlaze gcc linker'
mb-gcc -Wl,-T -Wl,../src/lscript.ld -L../../standalone_bsp_0/microblaze_0/lib -mlittle-endian -mcpu=v9.6 -mxl-soft-mul -Wl,--no-relax -o "ece544_proj2_app.elf"  ./src/ece544_IP_Test.o ./src/platform.o   -Wl,--start-group,-lxil,-lgcc,-lc,--end-group
'Finished building target: ece544_proj2_app.elf'
' '
'Invoking: MicroBlaze Print Size'
mb-size ece544_proj2_app.elf  |tee "ece544_proj2_app.elf.size"
   text	   data	    bss	    dec	    hex	filename
  37628	    416	   2724	  40768	   9f40	ece544_proj2_app.elf
'Finished building: ece544_proj2_app.elf.size'
' '
10:53:26 **** Incremental Build of configuration Debug for project ece544_proj2_app ****
make all 
make: Nothing to be done for `all'.
10:55:44 **** Auto Build of configuration Debug for project ece544_proj2_app ****
make all 
'Building file: ../src/ece544_IP_Test.c'
'Invoking: MicroBlaze gcc compiler'
mb-gcc -Wall -O0 -g3 -c -fmessage-length=0 -MT"src/ece544_IP_Test.o" -I../../standalone_bsp_0/microblaze_0/include -mlittle-endian -mcpu=v9.6 -mxl-soft-mul -Wl,--no-relax -MMD -MP -MF"src/ece544_IP_Test.d" -MT"src/ece544_IP_Test.o" -o "src/ece544_IP_Test.o" "../src/ece544_IP_Test.c"
In file included from ../src/ece544_IP_Test.c:52:0:
../../standalone_bsp_0/microblaze_0/include/PmodOLEDrgb.h:58:0: warning: "bool" redefined
 #define bool u8
 ^
In file included from ../../standalone_bsp_0/microblaze_0/include/nexys4IO.h:29:0,
                 from ../src/ece544_IP_Test.c:47:
c:\xilinx\sdk\2016.2\gnu\microblaze\nt\lib\gcc\microblaze-xilinx-elf\5.2.0\include\stdbool.h:33:0: note: this is the location of the previous definition
 #define bool _Bool
 ^
../src/ece544_IP_Test.c: In function 'main':
../src/ece544_IP_Test.c:176:5: warning: unused variable 'motor_direction' [-Wunused-variable]
  u8 motor_direction = 0x00;
     ^
'Finished building: ../src/ece544_IP_Test.c'
' '
'Building target: ece544_proj2_app.elf'
'Invoking: MicroBlaze gcc linker'
mb-gcc -Wl,-T -Wl,../src/lscript.ld -L../../standalone_bsp_0/microblaze_0/lib -mlittle-endian -mcpu=v9.6 -mxl-soft-mul -Wl,--no-relax -o "ece544_proj2_app.elf"  ./src/ece544_IP_Test.o ./src/platform.o   -Wl,--start-group,-lxil,-lgcc,-lc,--end-group
'Finished building target: ece544_proj2_app.elf'
' '
'Invoking: MicroBlaze Print Size'
mb-size ece544_proj2_app.elf  |tee "ece544_proj2_app.elf.size"
   text	   data	    bss	    dec	    hex	filename
  37644	    416	   2724	  40784	   9f50	ece544_proj2_app.elf
'Finished building: ece544_proj2_app.elf.size'
' '
10:56:05 **** Incremental Build of configuration Debug for project ece544_proj2_app ****
make all 
make: Nothing to be done for `all'.
11:15:51 **** Build of configuration Debug for project ece544_proj2_OLC ****
make all 
'Building file: ../src/helloworld.c'
'Invoking: MicroBlaze gcc compiler'
mb-gcc -Wall -O0 -g3 -c -fmessage-length=0 -MT"src/helloworld.o" -I../../standalone_bsp_0/microblaze_0/include -mlittle-endian -mcpu=v9.6 -mxl-soft-mul -Wl,--no-relax -MMD -MP -MF"src/helloworld.d" -MT"src/helloworld.o" -o "src/helloworld.o" "../src/helloworld.c"
'Finished building: ../src/helloworld.c'
' '
'Building file: ../src/platform.c'
'Invoking: MicroBlaze gcc compiler'
mb-gcc -Wall -O0 -g3 -c -fmessage-length=0 -MT"src/platform.o" -I../../standalone_bsp_0/microblaze_0/include -mlittle-endian -mcpu=v9.6 -mxl-soft-mul -Wl,--no-relax -MMD -MP -MF"src/platform.d" -MT"src/platform.o" -o "src/platform.o" "../src/platform.c"
'Finished building: ../src/platform.c'
' '
'Building target: ece544_proj2_OLC.elf'
'Invoking: MicroBlaze gcc linker'
mb-gcc -Wl,-T -Wl,../src/lscript.ld -L../../standalone_bsp_0/microblaze_0/lib -mlittle-endian -mcpu=v9.6 -mxl-soft-mul -Wl,--no-relax -o "ece544_proj2_OLC.elf"  ./src/helloworld.o ./src/platform.o   -Wl,--start-group,-lxil,-lgcc,-lc,--end-group
'Finished building target: ece544_proj2_OLC.elf'
' '
'Invoking: MicroBlaze Print Size'
mb-size ece544_proj2_OLC.elf  |tee "ece544_proj2_OLC.elf.size"
   text	   data	    bss	    dec	    hex	filename
   7100	    336	   3252	  10688	   29c0	ece544_proj2_OLC.elf
'Finished building: ece544_proj2_OLC.elf.size'
' '
11:16:35 **** Clean-only build of configuration Debug for project ece544_proj2_OLC ****
make clean 
rm -rf  ./src/helloworld.o ./src/platform.o  ./src/helloworld.d ./src/platform.d  ece544_proj2_OLC.elf.size  ece544_proj2_OLC.elf
' '
11:16:36 **** Auto Build of configuration Debug for project ece544_proj2_OLC ****
make all 
'Building file: ../src/ece544_proj2_OLC.c'
'Invoking: MicroBlaze gcc compiler'
mb-gcc -Wall -O0 -g3 -c -fmessage-length=0 -MT"src/ece544_proj2_OLC.o" -I../../standalone_bsp_0/microblaze_0/include -mlittle-endian -mcpu=v9.6 -mxl-soft-mul -Wl,--no-relax -MMD -MP -MF"src/ece544_proj2_OLC.d" -MT"src/ece544_proj2_OLC.o" -o "src/ece544_proj2_OLC.o" "../src/ece544_proj2_OLC.c"
'Finished building: ../src/ece544_proj2_OLC.c'
' '
'Building file: ../src/platform.c'
'Invoking: MicroBlaze gcc compiler'
mb-gcc -Wall -O0 -g3 -c -fmessage-length=0 -MT"src/platform.o" -I../../standalone_bsp_0/microblaze_0/include -mlittle-endian -mcpu=v9.6 -mxl-soft-mul -Wl,--no-relax -MMD -MP -MF"src/platform.d" -MT"src/platform.o" -o "src/platform.o" "../src/platform.c"
^C
Command canceled
11:16:40 **** Build of configuration Debug for project ece544_proj2_OLC ****
make all 
'Building file: ../src/platform.c'
'Invoking: MicroBlaze gcc compiler'
mb-gcc -Wall -O0 -g3 -c -fmessage-length=0 -MT"src/platform.o" -I../../standalone_bsp_0/microblaze_0/include -mlittle-endian -mcpu=v9.6 -mxl-soft-mul -Wl,--no-relax -MMD -MP -MF"src/platform.d" -MT"src/platform.o" -o "src/platform.o" "../src/platform.c"
'Finished building: ../src/platform.c'
' '
'Building target: ece544_proj2_OLC.elf'
'Invoking: MicroBlaze gcc linker'
mb-gcc -Wl,-T -Wl,../src/lscript.ld -L../../standalone_bsp_0/microblaze_0/lib -mlittle-endian -mcpu=v9.6 -mxl-soft-mul -Wl,--no-relax -o "ece544_proj2_OLC.elf"  ./src/ece544_proj2_OLC.o ./src/platform.o   -Wl,--start-group,-lxil,-lgcc,-lc,--end-group
'Finished building target: ece544_proj2_OLC.elf'
' '
'Invoking: MicroBlaze Print Size'
mb-size ece544_proj2_OLC.elf  |tee "ece544_proj2_OLC.elf.size"
   text	   data	    bss	    dec	    hex	filename
   7100	    336	   3252	  10688	   29c0	ece544_proj2_OLC.elf
'Finished building: ece544_proj2_OLC.elf.size'
' '
11:16:53 **** Auto Build of configuration Debug for project ece544_proj2_OLC ****
make all 
'Building file: ../src/ece544_proj2_OLC.c'
'Invoking: MicroBlaze gcc compiler'
mb-gcc -Wall -O0 -g3 -c -fmessage-length=0 -MT"src/ece544_proj2_OLC.o" -I../../standalone_bsp_0/microblaze_0/include -mlittle-endian -mcpu=v9.6 -mxl-soft-mul -Wl,--no-relax -MMD -MP -MF"src/ece544_proj2_OLC.d" -MT"src/ece544_proj2_OLC.o" -o "src/ece544_proj2_OLC.o" "../src/ece544_proj2_OLC.c"
In file included from ../src/ece544_proj2_OLC.c:43:0:
../../standalone_bsp_0/microblaze_0/include/PmodOLEDrgb.h:58:0: warning: "bool" redefined
 #define bool u8
 ^
In file included from ../../standalone_bsp_0/microblaze_0/include/nexys4IO.h:29:0,
                 from ../src/ece544_proj2_OLC.c:38:
c:\xilinx\sdk\2016.2\gnu\microblaze\nt\lib\gcc\microblaze-xilinx-elf\5.2.0\include\stdbool.h:33:0: note: this is the location of the previous definition
 #define bool _Bool
 ^
../src/ece544_proj2_OLC.c: In function 'RotaryOutput':
../src/ece544_proj2_OLC.c:366:53: error: expected expression before '/' token
      OLEDrgb_PutString(&pmodOLEDrgb_inst, "   ");   / clear the row of the display
                                                     ^
../src/ece544_proj2_OLC.c:233:20: warning: unused variable 'RPM' [-Wunused-variable]
  unsigned long KP, RPM;    //PWM variables for display
                    ^
make: *** [src/ece544_proj2_OLC.o] Error 1
11:17:24 **** Auto Build of configuration Debug for project ece544_proj2_OLC ****
make all 
[...]
'Finished building: ../src/platform.c'
' '
'Building target: ece544_proj2_app.elf'
'Invoking: MicroBlaze gcc linker'
mb-gcc -Wl,-T -Wl,../src/lscript.ld -L../../standalone_bsp_0/microblaze_0/lib -mlittle-endian -mcpu=v9.6 -mxl-soft-mul -Wl,--no-relax -o "ece544_proj2_app.elf"  ./src/ece544_IP_Test.o ./src/platform.o   -Wl,--start-group,-lxil,-lgcc,-lc,--end-group
'Finished building target: ece544_proj2_app.elf'
' '
'Invoking: MicroBlaze Print Size'
mb-size ece544_proj2_app.elf  |tee "ece544_proj2_app.elf.size"
   text	   data	    bss	    dec	    hex	filename
  37644	    416	   2724	  40784	   9f50	ece544_proj2_app.elf
'Finished building: ece544_proj2_app.elf.size'
' '
19:03:16 **** Auto Build of configuration Debug for project ece544_proj2_OLC ****
make all 
'Building file: ../src/ece544_proj2_OLC.c'
'Invoking: MicroBlaze gcc compiler'
mb-gcc -Wall -O0 -g3 -c -fmessage-length=0 -MT"src/ece544_proj2_OLC.o" -I../../standalone_bsp_0/microblaze_0/include -mlittle-endian -mcpu=v9.6 -mxl-soft-mul -Wl,--no-relax -MMD -MP -MF"src/ece544_proj2_OLC.d" -MT"src/ece544_proj2_OLC.o" -o "src/ece544_proj2_OLC.o" "../src/ece544_proj2_OLC.c"
In file included from ../src/ece544_proj2_OLC.c:43:0:
../../standalone_bsp_0/microblaze_0/include/PmodOLEDrgb.h:58:0: warning: "bool" redefined
 #define bool u8
 ^
In file included from ../../standalone_bsp_0/microblaze_0/include/nexys4IO.h:29:0,
                 from ../src/ece544_proj2_OLC.c:38:
c:\xilinx\sdk\2016.2\gnu\microblaze\nt\lib\gcc\microblaze-xilinx-elf\5.2.0\include\stdbool.h:33:0: note: this is the location of the previous definition
 #define bool _Bool
 ^
'Finished building: ../src/ece544_proj2_OLC.c'
' '
'Building file: ../src/platform.c'
'Invoking: MicroBlaze gcc compiler'
mb-gcc -Wall -O0 -g3 -c -fmessage-length=0 -MT"src/platform.o" -I../../standalone_bsp_0/microblaze_0/include -mlittle-endian -mcpu=v9.6 -mxl-soft-mul -Wl,--no-relax -MMD -MP -MF"src/platform.d" -MT"src/platform.o" -o "src/platform.o" "../src/platform.c"
'Finished building: ../src/platform.c'
' '
'Building target: ece544_proj2_OLC.elf'
'Invoking: MicroBlaze gcc linker'
mb-gcc -Wl,-T -Wl,../src/lscript.ld -L../../standalone_bsp_0/microblaze_0/lib -mlittle-endian -mcpu=v9.6 -mxl-soft-mul -Wl,--no-relax -o "ece544_proj2_OLC.elf"  ./src/ece544_proj2_OLC.o ./src/platform.o   -Wl,--start-group,-lxil,-lgcc,-lc,--end-group
'Finished building target: ece544_proj2_OLC.elf'
' '
'Invoking: MicroBlaze Print Size'
mb-size ece544_proj2_OLC.elf  |tee "ece544_proj2_OLC.elf.size"
   text	   data	    bss	    dec	    hex	filename
  38164	    416	   3764	  42344	   a568	ece544_proj2_OLC.elf
'Finished building: ece544_proj2_OLC.elf.size'
' '
19:05:29 **** Incremental Build of configuration Debug for project ece544_proj2_OLC ****
make all 
make: Nothing to be done for `all'.
20:15:36 **** Auto Build of configuration Debug for project ece544_proj2_OLC ****
make all 
make: Nothing to be done for `all'.
20:15:37 **** Auto Build of configuration Debug for project ece544_proj2_app ****
make all 
make: Nothing to be done for `all'.
20:19:23 **** Build of project standalone_bsp_0 ****
make -k all 
"Running Make include in microblaze_0/libsrc/bram_v4_1/src"
make -C microblaze_0/libsrc/bram_v4_1/src -s include  "SHELL=CMD" "COMPILER=mb-gcc" "ARCHIVER=mb-ar" "COMPILER_FLAGS= -O2 -c -mcpu=v9.6 -mlittle-endian -mxl-soft-mul" "EXTRA_COMPILER_FLAGS=-g"
"Running Make include in microblaze_0/libsrc/cpu_v2_5/src"
make -C microblaze_0/libsrc/cpu_v2_5/src -s include  "SHELL=CMD" "COMPILER=mb-gcc" "ARCHIVER=mb-ar" "COMPILER_FLAGS= -O2 -c -mcpu=v9.6 -mlittle-endian -mxl-soft-mul" "EXTRA_COMPILER_FLAGS=-g"
"Running Make include in microblaze_0/libsrc/gpio_v4_1/src"
make -C microblaze_0/libsrc/gpio_v4_1/src -s include  "SHELL=CMD" "COMPILER=mb-gcc" "ARCHIVER=mb-ar" "COMPILER_FLAGS= -O2 -c -mcpu=v9.6 -mlittle-endian -mxl-soft-mul" "EXTRA_COMPILER_FLAGS=-g"
"Running Make include in microblaze_0/libsrc/intc_v3_5/src"
make -C microblaze_0/libsrc/intc_v3_5/src -s include  "SHELL=CMD" "COMPILER=mb-gcc" "ARCHIVER=mb-ar" "COMPILER_FLAGS= -O2 -c -mcpu=v9.6 -mlittle-endian -mxl-soft-mul" "EXTRA_COMPILER_FLAGS=-g"
"Running Make include in microblaze_0/libsrc/nexys4IO_v1_0/src"
make -C microblaze_0/libsrc/nexys4IO_v1_0/src -s include  "SHELL=CMD" "COMPILER=mb-gcc" "ARCHIVER=mb-ar" "COMPILER_FLAGS= -O2 -c -mcpu=v9.6 -mlittle-endian -mxl-soft-mul" "EXTRA_COMPILER_FLAGS=-g"
"Running Make include in microblaze_0/libsrc/PmodENC_v1_0/src"
make -C microblaze_0/libsrc/PmodENC_v1_0/src -s include  "SHELL=CMD" "COMPILER=mb-gcc" "ARCHIVER=mb-ar" "COMPILER_FLAGS= -O2 -c -mcpu=v9.6 -mlittle-endian -mxl-soft-mul" "EXTRA_COMPILER_FLAGS=-g"
"Running Make include in microblaze_0/libsrc/PmodOLEDrgb_v1_0/src"
make -C microblaze_0/libsrc/PmodOLEDrgb_v1_0/src -s include  "SHELL=CMD" "COMPILER=mb-gcc" "ARCHIVER=mb-ar" "COMPILER_FLAGS= -O2 -c -mcpu=v9.6 -mlittle-endian -mxl-soft-mul" "EXTRA_COMPILER_FLAGS=-g"
"Running Make include in microblaze_0/libsrc/standalone_v5_5/src"
make -C microblaze_0/libsrc/standalone_v5_5/src -s include  "SHELL=CMD" "COMPILER=mb-gcc" "ARCHIVER=mb-ar" "COMPILER_FLAGS= -O2 -c -mcpu=v9.6 -mlittle-endian -mxl-soft-mul" "EXTRA_COMPILER_FLAGS=-g"
"Running Make include in microblaze_0/libsrc/tmrctr_v4_1/src"
make -C microblaze_0/libsrc/tmrctr_v4_1/src -s include  "SHELL=CMD" "COMPILER=mb-gcc" "ARCHIVER=mb-ar" "COMPILER_FLAGS= -O2 -c -mcpu=v9.6 -mlittle-endian -mxl-soft-mul" "EXTRA_COMPILER_FLAGS=-g"
"Running Make include in microblaze_0/libsrc/uartlite_v3_2/src"
make -C microblaze_0/libsrc/uartlite_v3_2/src -s include  "SHELL=CMD" "COMPILER=mb-gcc" "ARCHIVER=mb-ar" "COMPILER_FLAGS= -O2 -c -mcpu=v9.6 -mlittle-endian -mxl-soft-mul" "EXTRA_COMPILER_FLAGS=-g"
"Running Make libs in microblaze_0/libsrc/bram_v4_1/src"
make -C microblaze_0/libsrc/bram_v4_1/src -s libs  "SHELL=CMD" "COMPILER=mb-gcc" "ARCHIVER=mb-ar" "COMPILER_FLAGS= -O2 -c -mcpu=v9.6 -mlittle-endian -mxl-soft-mul" "EXTRA_COMPILER_FLAGS=-g"
"Compiling bram"
mb-ar: creating ../../../lib/libxil.a
"Running Make libs in microblaze_0/libsrc/cpu_v2_5/src"
make -C microblaze_0/libsrc/cpu_v2_5/src -s libs  "SHELL=CMD" "COMPILER=mb-gcc" "ARCHIVER=mb-ar" "COMPILER_FLAGS= -O2 -c -mcpu=v9.6 -mlittle-endian -mxl-soft-mul" "EXTRA_COMPILER_FLAGS=-g"
"Compiling cpu"
"Running Make libs in microblaze_0/libsrc/gpio_v4_1/src"
make -C microblaze_0/libsrc/gpio_v4_1/src -s libs  "SHELL=CMD" "COMPILER=mb-gcc" "ARCHIVER=mb-ar" "COMPILER_FLAGS= -O2 -c -mcpu=v9.6 -mlittle-endian -mxl-soft-mul" "EXTRA_COMPILER_FLAGS=-g"
"Compiling gpio"
"Running Make libs in microblaze_0/libsrc/intc_v3_5/src"
make -C microblaze_0/libsrc/intc_v3_5/src -s libs  "SHELL=CMD" "COMPILER=mb-gcc" "ARCHIVER=mb-ar" "COMPILER_FLAGS= -O2 -c -mcpu=v9.6 -mlittle-endian -mxl-soft-mul" "EXTRA_COMPILER_FLAGS=-g"
"Compiling intc"
"Running Make libs in microblaze_0/libsrc/nexys4IO_v1_0/src"
make -C microblaze_0/libsrc/nexys4IO_v1_0/src -s libs  "SHELL=CMD" "COMPILER=mb-gcc" "ARCHIVER=mb-ar" "COMPILER_FLAGS= -O2 -c -mcpu=v9.6 -mlittle-endian -mxl-soft-mul" "EXTRA_COMPILER_FLAGS=-g"
"Compiling nexys4IO..."
"Running Make libs in microblaze_0/libsrc/PmodENC_v1_0/src"
make -C microblaze_0/libsrc/PmodENC_v1_0/src -s libs  "SHELL=CMD" "COMPILER=mb-gcc" "ARCHIVER=mb-ar" "COMPILER_FLAGS= -O2 -c -mcpu=v9.6 -mlittle-endian -mxl-soft-mul" "EXTRA_COMPILER_FLAGS=-g"
"Compiling PmodENC..."
"Running Make libs in microblaze_0/libsrc/PmodOLEDrgb_v1_0/src"
make -C microblaze_0/libsrc/PmodOLEDrgb_v1_0/src -s libs  "SHELL=CMD" "COMPILER=mb-gcc" "ARCHIVER=mb-ar" "COMPILER_FLAGS= -O2 -c -mcpu=v9.6 -mlittle-endian -mxl-soft-mul" "EXTRA_COMPILER_FLAGS=-g"
"Compiling PmodOLEDrgb..."
"Running Make libs in microblaze_0/libsrc/standalone_v5_5/src"
make -C microblaze_0/libsrc/standalone_v5_5/src -s libs  "SHELL=CMD" "COMPILER=mb-gcc" "ARCHIVER=mb-ar" "COMPILER_FLAGS= -O2 -c -mcpu=v9.6 -mlittle-endian -mxl-soft-mul" "EXTRA_COMPILER_FLAGS=-g"
"Compiling standalone";
"Running Make libs in microblaze_0/libsrc/tmrctr_v4_1/src"
make -C microblaze_0/libsrc/tmrctr_v4_1/src -s libs  "SHELL=CMD" "COMPILER=mb-gcc" "ARCHIVER=mb-ar" "COMPILER_FLAGS= -O2 -c -mcpu=v9.6 -mlittle-endian -mxl-soft-mul" "EXTRA_COMPILER_FLAGS=-g"
"Compiling tmrctr"
"Running Make libs in microblaze_0/libsrc/uartlite_v3_2/src"
make -C microblaze_0/libsrc/uartlite_v3_2/src -s libs  "SHELL=CMD" "COMPILER=mb-gcc" "ARCHIVER=mb-ar" "COMPILER_FLAGS= -O2 -c -mcpu=v9.6 -mlittle-endian -mxl-soft-mul" "EXTRA_COMPILER_FLAGS=-g"
"Compiling uartlite"
'Finished building libraries'
20:20:47 **** Auto Build of project standalone_bsp_0 ****
make -k all 
"Running Make include in microblaze_0/libsrc/bram_v4_1/src"
make -C microblaze_0/libsrc/bram_v4_1/src -s include  "SHELL=CMD" "COMPILER=mb-gcc" "ARCHIVER=mb-ar" "COMPILER_FLAGS= -O2 -c -mcpu=v9.6 -mlittle-endian -mxl-soft-mul" "EXTRA_COMPILER_FLAGS=-g"
"Running Make include in microblaze_0/libsrc/cpu_v2_5/src"
make -C microblaze_0/libsrc/cpu_v2_5/src -s include  "SHELL=CMD" "COMPILER=mb-gcc" "ARCHIVER=mb-ar" "COMPILER_FLAGS= -O2 -c -mcpu=v9.6 -mlittle-endian -mxl-soft-mul" "EXTRA_COMPILER_FLAGS=-g"
"Running Make include in microblaze_0/libsrc/gpio_v4_1/src"
make -C microblaze_0/libsrc/gpio_v4_1/src -s include  "SHELL=CMD" "COMPILER=mb-gcc" "ARCHIVER=mb-ar" "COMPILER_FLAGS= -O2 -c -mcpu=v9.6 -mlittle-endian -mxl-soft-mul" "EXTRA_COMPILER_FLAGS=-g"
"Running Make include in microblaze_0/libsrc/intc_v3_5/src"
make -C microblaze_0/libsrc/intc_v3_5/src -s include  "SHELL=CMD" "COMPILER=mb-gcc" "ARCHIVER=mb-ar" "COMPILER_FLAGS= -O2 -c -mcpu=v9.6 -mlittle-endian -mxl-soft-mul" "EXTRA_COMPILER_FLAGS=-g"
"Running Make include in microblaze_0/libsrc/nexys4IO_v1_0/src"
make -C microblaze_0/libsrc/nexys4IO_v1_0/src -s include  "SHELL=CMD" "COMPILER=mb-gcc" "ARCHIVER=mb-ar" "COMPILER_FLAGS= -O2 -c -mcpu=v9.6 -mlittle-endian -mxl-soft-mul" "EXTRA_COMPILER_FLAGS=-g"
"Running Make include in microblaze_0/libsrc/PmodENC_v1_0/src"
make -C microblaze_0/libsrc/PmodENC_v1_0/src -s include  "SHELL=CMD" "COMPILER=mb-gcc" "ARCHIVER=mb-ar" "COMPILER_FLAGS= -O2 -c -mcpu=v9.6 -mlittle-endian -mxl-soft-mul" "EXTRA_COMPILER_FLAGS=-g"
"Running Make include in microblaze_0/libsrc/PmodOLEDrgb_v1_0/src"
make -C microblaze_0/libsrc/PmodOLEDrgb_v1_0/src -s include  "SHELL=CMD" "COMPILER=mb-gcc" "ARCHIVER=mb-ar" "COMPILER_FLAGS= -O2 -c -mcpu=v9.6 -mlittle-endian -mxl-soft-mul" "EXTRA_COMPILER_FLAGS=-g"
"Running Make include in microblaze_0/libsrc/standalone_v5_5/src"
make -C microblaze_0/libsrc/standalone_v5_5/src -s include  "SHELL=CMD" "COMPILER=mb-gcc" "ARCHIVER=mb-ar" "COMPILER_FLAGS= -O2 -c -mcpu=v9.6 -mlittle-endian -mxl-soft-mul" "EXTRA_COMPILER_FLAGS=-g"
"Running Make include in microblaze_0/libsrc/tmrctr_v4_1/src"
make -C microblaze_0/libsrc/tmrctr_v4_1/src -s include  "SHELL=CMD" "COMPILER=mb-gcc" "ARCHIVER=mb-ar" "COMPILER_FLAGS= -O2 -c -mcpu=v9.6 -mlittle-endian -mxl-soft-mul" "EXTRA_COMPILER_FLAGS=-g"
"Running Make include in microblaze_0/libsrc/uartlite_v3_2/src"
make -C microblaze_0/libsrc/uartlite_v3_2/src -s include  "SHELL=CMD" "COMPILER=mb-gcc" "ARCHIVER=mb-ar" "COMPILER_FLAGS= -O2 -c -mcpu=v9.6 -mlittle-endian -mxl-soft-mul" "EXTRA_COMPILER_FLAGS=-g"
"Running Make libs in microblaze_0/libsrc/bram_v4_1/src"
make -C microblaze_0/libsrc/bram_v4_1/src -s libs  "SHELL=CMD" "COMPILER=mb-gcc" "ARCHIVER=mb-ar" "COMPILER_FLAGS= -O2 -c -mcpu=v9.6 -mlittle-endian -mxl-soft-mul" "EXTRA_COMPILER_FLAGS=-g"
"Compiling bram"
"Running Make libs in microblaze_0/libsrc/cpu_v2_5/src"
make -C microblaze_0/libsrc/cpu_v2_5/src -s libs  "SHELL=CMD" "COMPILER=mb-gcc" "ARCHIVER=mb-ar" "COMPILER_FLAGS= -O2 -c -mcpu=v9.6 -mlittle-endian -mxl-soft-mul" "EXTRA_COMPILER_FLAGS=-g"
"Compiling cpu"
"Running Make libs in microblaze_0/libsrc/gpio_v4_1/src"
make -C microblaze_0/libsrc/gpio_v4_1/src -s libs  "SHELL=CMD" "COMPILER=mb-gcc" "ARCHIVER=mb-ar" "COMPILER_FLAGS= -O2 -c -mcpu=v9.6 -mlittle-endian -mxl-soft-mul" "EXTRA_COMPILER_FLAGS=-g"
"Compiling gpio"
"Running Make libs in microblaze_0/libsrc/intc_v3_5/src"
make -C microblaze_0/libsrc/intc_v3_5/src -s libs  "SHELL=CMD" "COMPILER=mb-gcc" "ARCHIVER=mb-ar" "COMPILER_FLAGS= -O2 -c -mcpu=v9.6 -mlittle-endian -mxl-soft-mul" "EXTRA_COMPILER_FLAGS=-g"
"Compiling intc"
"Running Make libs in microblaze_0/libsrc/nexys4IO_v1_0/src"
make -C microblaze_0/libsrc/nexys4IO_v1_0/src -s libs  "SHELL=CMD" "COMPILER=mb-gcc" "ARCHIVER=mb-ar" "COMPILER_FLAGS= -O2 -c -mcpu=v9.6 -mlittle-endian -mxl-soft-mul" "EXTRA_COMPILER_FLAGS=-g"
"Compiling nexys4IO..."
"Running Make libs in microblaze_0/libsrc/PmodENC_v1_0/src"
make -C microblaze_0/libsrc/PmodENC_v1_0/src -s libs  "SHELL=CMD" "COMPILER=mb-gcc" "ARCHIVER=mb-ar" "COMPILER_FLAGS= -O2 -c -mcpu=v9.6 -mlittle-endian -mxl-soft-mul" "EXTRA_COMPILER_FLAGS=-g"
"Compiling PmodENC..."
"Running Make libs in microblaze_0/libsrc/PmodOLEDrgb_v1_0/src"
make -C microblaze_0/libsrc/PmodOLEDrgb_v1_0/src -s libs  "SHELL=CMD" "COMPILER=mb-gcc" "ARCHIVER=mb-ar" "COMPILER_FLAGS= -O2 -c -mcpu=v9.6 -mlittle-endian -mxl-soft-mul" "EXTRA_COMPILER_FLAGS=-g"
"Compiling PmodOLEDrgb..."
"Running Make libs in microblaze_0/libsrc/standalone_v5_5/src"
make -C microblaze_0/libsrc/standalone_v5_5/src -s libs  "SHELL=CMD" "COMPILER=mb-gcc" "ARCHIVER=mb-ar" "COMPILER_FLAGS= -O2 -c -mcpu=v9.6 -mlittle-endian -mxl-soft-mul" "EXTRA_COMPILER_FLAGS=-g"
"Compiling standalone";
"Running Make libs in microblaze_0/libsrc/tmrctr_v4_1/src"
make -C microblaze_0/libsrc/tmrctr_v4_1/src -s libs  "SHELL=CMD" "COMPILER=mb-gcc" "ARCHIVER=mb-ar" "COMPILER_FLAGS= -O2 -c -mcpu=v9.6 -mlittle-endian -mxl-soft-mul" "EXTRA_COMPILER_FLAGS=-g"
"Compiling tmrctr"
"Running Make libs in microblaze_0/libsrc/uartlite_v3_2/src"
make -C microblaze_0/libsrc/uartlite_v3_2/src -s libs  "SHELL=CMD" "COMPILER=mb-gcc" "ARCHIVER=mb-ar" "COMPILER_FLAGS= -O2 -c -mcpu=v9.6 -mlittle-endian -mxl-soft-mul" "EXTRA_COMPILER_FLAGS=-g"
"Compiling uartlite"
'Finished building libraries'
20:22:04 **** Auto Build of configuration Debug for project ece544_proj2_app ****
make all 
'Building file: ../src/ece544_IP_Test.c'
'Invoking: MicroBlaze gcc compiler'
mb-gcc -Wall -O0 -g3 -c -fmessage-length=0 -MT"src/ece544_IP_Test.o" -I../../standalone_bsp_0/microblaze_0/include -mlittle-endian -mcpu=v9.6 -mxl-soft-mul -Wl,--no-relax -MMD -MP -MF"src/ece544_IP_Test.d" -MT"src/ece544_IP_Test.o" -o "src/ece544_IP_Test.o" "../src/ece544_IP_Test.c"
In file included from ../src/ece544_IP_Test.c:52:0:
../../standalone_bsp_0/microblaze_0/include/PmodOLEDrgb.h:58:0: warning: "bool" redefined
 #define bool u8
 ^
In file included from ../../standalone_bsp_0/microblaze_0/include/nexys4IO.h:29:0,
                 from ../src/ece544_IP_Test.c:47:
c:\xilinx\sdk\2016.2\gnu\microblaze\nt\lib\gcc\microblaze-xilinx-elf\5.2.0\include\stdbool.h:33:0: note: this is the location of the previous definition
 #define bool _Bool
 ^
../src/ece544_IP_Test.c: In function 'main':
../src/ece544_IP_Test.c:176:5: warning: unused variable 'motor_direction' [-Wunused-variable]
  u8 motor_direction = 0x00;
     ^
'Finished building: ../src/ece544_IP_Test.c'
' '
'Building file: ../src/platform.c'
'Invoking: MicroBlaze gcc compiler'
mb-gcc -Wall -O0 -g3 -c -fmessage-length=0 -MT"src/platform.o" -I../../standalone_bsp_0/microblaze_0/include -mlittle-endian -mcpu=v9.6 -mxl-soft-mul -Wl,--no-relax -MMD -MP -MF"src/platform.d" -MT"src/platform.o" -o "src/platform.o" "../src/platform.c"
'Finished building: ../src/platform.c'
' '
'Building target: ece544_proj2_app.elf'
'Invoking: MicroBlaze gcc linker'
mb-gcc -Wl,-T -Wl,../src/lscript.ld -L../../standalone_bsp_0/microblaze_0/lib -mlittle-endian -mcpu=v9.6 -mxl-soft-mul -Wl,--no-relax -o "ece544_proj2_app.elf"  ./src/ece544_IP_Test.o ./src/platform.o   -Wl,--start-group,-lxil,-lgcc,-lc,--end-group
'Finished building target: ece544_proj2_app.elf'
' '
'Invoking: MicroBlaze Print Size'
mb-size ece544_proj2_app.elf  |tee "ece544_proj2_app.elf.size"
   text	   data	    bss	    dec	    hex	filename
  37644	    416	   2724	  40784	   9f50	ece544_proj2_app.elf
'Finished building: ece544_proj2_app.elf.size'
' '
20:22:14 **** Auto Build of configuration Debug for project ece544_proj2_OLC ****
make all 
'Building file: ../src/ece544_proj2_OLC.c'
'Invoking: MicroBlaze gcc compiler'
mb-gcc -Wall -O0 -g3 -c -fmessage-length=0 -MT"src/ece544_proj2_OLC.o" -I../../standalone_bsp_0/microblaze_0/include -mlittle-endian -mcpu=v9.6 -mxl-soft-mul -Wl,--no-relax -MMD -MP -MF"src/ece544_proj2_OLC.d" -MT"src/ece544_proj2_OLC.o" -o "src/ece544_proj2_OLC.o" "../src/ece544_proj2_OLC.c"
In file included from ../src/ece544_proj2_OLC.c:43:0:
../../standalone_bsp_0/microblaze_0/include/PmodOLEDrgb.h:58:0: warning: "bool" redefined
 #define bool u8
 ^
In file included from ../../standalone_bsp_0/microblaze_0/include/nexys4IO.h:29:0,
                 from ../src/ece544_proj2_OLC.c:38:
c:\xilinx\sdk\2016.2\gnu\microblaze\nt\lib\gcc\microblaze-xilinx-elf\5.2.0\include\stdbool.h:33:0: note: this is the location of the previous definition
 #define bool _Bool
 ^
'Finished building: ../src/ece544_proj2_OLC.c'
' '
'Building file: ../src/platform.c'
'Invoking: MicroBlaze gcc compiler'
mb-gcc -Wall -O0 -g3 -c -fmessage-length=0 -MT"src/platform.o" -I../../standalone_bsp_0/microblaze_0/include -mlittle-endian -mcpu=v9.6 -mxl-soft-mul -Wl,--no-relax -MMD -MP -MF"src/platform.d" -MT"src/platform.o" -o "src/platform.o" "../src/platform.c"
'Finished building: ../src/platform.c'
' '
'Building target: ece544_proj2_OLC.elf'
'Invoking: MicroBlaze gcc linker'
mb-gcc -Wl,-T -Wl,../src/lscript.ld -L../../standalone_bsp_0/microblaze_0/lib -mlittle-endian -mcpu=v9.6 -mxl-soft-mul -Wl,--no-relax -o "ece544_proj2_OLC.elf"  ./src/ece544_proj2_OLC.o ./src/platform.o   -Wl,--start-group,-lxil,-lgcc,-lc,--end-group
'Finished building target: ece544_proj2_OLC.elf'
' '
'Invoking: MicroBlaze Print Size'
mb-size ece544_proj2_OLC.elf  |tee "ece544_proj2_OLC.elf.size"
   text	   data	    bss	    dec	    hex	filename
  38164	    416	   3764	  42344	   a568	ece544_proj2_OLC.elf
'Finished building: ece544_proj2_OLC.elf.size'
' '
20:24:28 **** Incremental Build of configuration Debug for project ece544_proj2_OLC ****
make all 
make: Nothing to be done for `all'.
20:33:43 **** Auto Build of configuration Debug for project ece544_proj2_OLC ****
make all 
'Building file: ../src/ece544_proj2_OLC.c'
'Invoking: MicroBlaze gcc compiler'
mb-gcc -Wall -O0 -g3 -c -fmessage-length=0 -MT"src/ece544_proj2_OLC.o" -I../../standalone_bsp_0/microblaze_0/include -mlittle-endian -mcpu=v9.6 -mxl-soft-mul -Wl,--no-relax -MMD -MP -MF"src/ece544_proj2_OLC.d" -MT"src/ece544_proj2_OLC.o" -o "src/ece544_proj2_OLC.o" "../src/ece544_proj2_OLC.c"
In file included from ../src/ece544_proj2_OLC.c:43:0:
../../standalone_bsp_0/microblaze_0/include/PmodOLEDrgb.h:58:0: warning: "bool" redefined
 #define bool u8
 ^
In file included from ../../standalone_bsp_0/microblaze_0/include/nexys4IO.h:29:0,
                 from ../src/ece544_proj2_OLC.c:38:
c:\xilinx\sdk\2016.2\gnu\microblaze\nt\lib\gcc\microblaze-xilinx-elf\5.2.0\include\stdbool.h:33:0: note: this is the location of the previous definition
 #define bool _Bool
 ^
'Finished building: ../src/ece544_proj2_OLC.c'
' '
'Building target: ece544_proj2_OLC.elf'
'Invoking: MicroBlaze gcc linker'
mb-gcc -Wl,-T -Wl,../src/lscript.ld -L../../standalone_bsp_0/microblaze_0/lib -mlittle-endian -mcpu=v9.6 -mxl-soft-mul -Wl,--no-relax -o "ece544_proj2_OLC.elf"  ./src/ece544_proj2_OLC.o ./src/platform.o   -Wl,--start-group,-lxil,-lgcc,-lc,--end-group
'Finished building target: ece544_proj2_OLC.elf'
' '
'Invoking: MicroBlaze Print Size'
mb-size ece544_proj2_OLC.elf  |tee "ece544_proj2_OLC.elf.size"
   text	   data	    bss	    dec	    hex	filename
  38216	    416	   3760	  42392	   a598	ece544_proj2_OLC.elf
'Finished building: ece544_proj2_OLC.elf.size'
' '
20:34:06 **** Incremental Build of configuration Debug for project ece544_proj2_OLC ****
make all 
make: Nothing to be done for `all'.
